Archive member included because of file (symbol)

lib/libstm32.a(stm32f10x_flash.o)
                              main.o (FLASH_SetLatency)
lib/libstm32.a(stm32f10x_iwdg.o)
                              main.o (IWDG_WriteAccessCmd)
lib/libstm32.a(stm32f10x_gpio.o)
                              main.o (GPIO_Init)
lib/libstm32.a(stm32f10x_nvic.o)
                              main.o (NVIC_PriorityGroupConfig)
lib/libstm32.a(stm32f10x_rcc.o)
                              main.o (RCC_DeInit)
lib/libstm32.a(stm32f10x_tim.o)
                              main.o (TIM_TimeBaseInit)
lib/libstm32.a(stm32f10x_systick.o)
                              main.o (SysTick_SetReload)
lib/libstm32.a(stm32f10x_usart.o)
                              main.o (USART_Cmd)
lib/libstm32.a(cortexm3_macro.o)
                              lib/libstm32.a(stm32f10x_nvic.o) (__DSB)
lib/libstm32.a(stm32f10x_vector.o)
                              (Reset_Handler)
lib/libstm32.a(usb_init.o)    main.o (USB_Init)
lib/libstm32.a(usb_core.o)    usb_prop.o (Standard_GetDescriptorData)
lib/libstm32.a(usb_mem.o)     USBInit.o (UserToPMABufferCopy)
lib/libstm32.a(usb_regs.o)    usb_prop.o (SetBTABLE)
lib/libstm32.a(usb_sil.o)     usb_prop.o (USB_SIL_Init)
lib/libstm32.a(usb_int.o)     usb_istr.o (CTR_LP)
c:/winarm/bin/../lib/gcc/arm-eabi/4.3.0/../../../../arm-eabi/lib\libc.a(lib_a-atexit.o)
                              c:/winarm/bin/../lib/gcc/arm-eabi/4.3.0/../../../../arm-eabi/lib/crt0.o (atexit)
c:/winarm/bin/../lib/gcc/arm-eabi/4.3.0/../../../../arm-eabi/lib\libc.a(lib_a-exit.o)
                              c:/winarm/bin/../lib/gcc/arm-eabi/4.3.0/../../../../arm-eabi/lib/crt0.o (exit)
c:/winarm/bin/../lib/gcc/arm-eabi/4.3.0/../../../../arm-eabi/lib\libc.a(lib_a-impure.o)
                              c:/winarm/bin/../lib/gcc/arm-eabi/4.3.0/../../../../arm-eabi/lib\libc.a(lib_a-exit.o) (_global_impure_ptr)
c:/winarm/bin/../lib/gcc/arm-eabi/4.3.0/../../../../arm-eabi/lib\libc.a(lib_a-init.o)
                              c:/winarm/bin/../lib/gcc/arm-eabi/4.3.0/../../../../arm-eabi/lib/crt0.o (__libc_fini_array)
c:/winarm/bin/../lib/gcc/arm-eabi/4.3.0/../../../../arm-eabi/lib\libc.a(lib_a-memset.o)
                              c:/winarm/bin/../lib/gcc/arm-eabi/4.3.0/../../../../arm-eabi/lib/crt0.o (memset)
c:/winarm/bin/../lib/gcc/arm-eabi/4.3.0/../../../../arm-eabi/lib\libc.a(lib_a-__atexit.o)
                              c:/winarm/bin/../lib/gcc/arm-eabi/4.3.0/../../../../arm-eabi/lib\libc.a(lib_a-atexit.o) (__register_exitproc)
c:/winarm/bin/../lib/gcc/arm-eabi/4.3.0/../../../../arm-eabi/lib\libc.a(lib_a-__call_atexit.o)
                              c:/winarm/bin/../lib/gcc/arm-eabi/4.3.0/../../../../arm-eabi/lib\libc.a(lib_a-exit.o) (__call_exitprocs)

Allocating common symbols
Common symbol       size              file

SaveRState          0x2               lib/libstm32.a(usb_int.o)
HSEStartUpStatus    0x1               main.o
SaveState           0x2               lib/libstm32.a(usb_init.o)
wIstr               0x2               usb_istr.o
pProperty           0x4               lib/libstm32.a(usb_init.o)
EPindex             0x1               lib/libstm32.a(usb_init.o)
TimingDelay         0x4               main.o
SaveTState          0x2               lib/libstm32.a(usb_int.o)
Device_Info         0x1c              lib/libstm32.a(usb_init.o)
pUser_Standard_Requests
                    0x4               lib/libstm32.a(usb_init.o)
gwUSARTWritePtr     0x2               main.o
USB_Rx_Buffer       0x40              usb_endp.o
StatusInfo          0x2               lib/libstm32.a(usb_core.o)
pInformation        0x4               lib/libstm32.a(usb_init.o)
gbpRxBuffer         0x51              main.o
gwUSARTReadPtr      0x2               main.o
USART_InitStructure
                    0x10              main.o
gwpUSARTBuffer      0x400             main.o
wInterrupt_Mask     0x2               lib/libstm32.a(usb_init.o)

Discarded input sections

 .text          0x00000000        0x0 c:/winarm/bin/../lib/gcc/arm-eabi/4.3.0/crti.o
 .data          0x00000000        0x0 c:/winarm/bin/../lib/gcc/arm-eabi/4.3.0/crti.o
 .bss           0x00000000        0x0 c:/winarm/bin/../lib/gcc/arm-eabi/4.3.0/crti.o
 .init          0x00000000        0x0 c:/winarm/bin/../lib/gcc/arm-eabi/4.3.0/crti.o
 .fini          0x00000000        0x0 c:/winarm/bin/../lib/gcc/arm-eabi/4.3.0/crti.o
 .text          0x00000000        0x0 c:/winarm/bin/../lib/gcc/arm-eabi/4.3.0/crtbegin.o
 .data          0x00000000        0x0 c:/winarm/bin/../lib/gcc/arm-eabi/4.3.0/crtbegin.o
 .bss           0x00000000        0x0 c:/winarm/bin/../lib/gcc/arm-eabi/4.3.0/crtbegin.o
 .init_array    0x00000000        0x0 c:/winarm/bin/../lib/gcc/arm-eabi/4.3.0/crtbegin.o
 .fini_array    0x00000000        0x0 c:/winarm/bin/../lib/gcc/arm-eabi/4.3.0/crtbegin.o
 .eh_frame      0x00000000        0x0 c:/winarm/bin/../lib/gcc/arm-eabi/4.3.0/crtbegin.o
[...]
Memory Configuration

Name             Origin             Length             Attributes
RAM              0x20000000         0x00005000         xrw
FLASH            0x08000000         0x00010000         xr
FLASHB1          0x00000000         0x00000000         xr
EXTMEMB0         0x00000000         0x00000000         xr
EXTMEMB1         0x00000000         0x00000000         xr
EXTMEMB2         0x00000000         0x00000000         xr
EXTMEMB3         0x00000000         0x00000000         xr
*default*        0x00000000         0xffffffff

Linker script and memory map

LOAD c:/winarm/bin/../lib/gcc/arm-eabi/4.3.0/crti.o
LOAD c:/winarm/bin/../lib/gcc/arm-eabi/4.3.0/crtbegin.o
LOAD c:/winarm/bin/../lib/gcc/arm-eabi/4.3.0/../../../../arm-eabi/lib/crt0.o
LOAD main.o
LOAD stm32f10x_it.o
LOAD usb_desc.o
LOAD usb_endp.o
LOAD usb_istr.o
LOAD usb_prop.o
LOAD USBInit.o
LOAD lib/libstm32.a
START GROUP
LOAD c:/winarm/bin/../lib/gcc/arm-eabi/4.3.0\libgcc.a
LOAD c:/winarm/bin/../lib/gcc/arm-eabi/4.3.0/../../../../arm-eabi/lib\libc.a
END GROUP
LOAD c:/winarm/bin/../lib/gcc/arm-eabi/4.3.0/crtend.o
LOAD c:/winarm/bin/../lib/gcc/arm-eabi/4.3.0/crtn.o
                0x00000400                __Stack_Size = 0x400
                0x00000400                PROVIDE (_Stack_Size, __Stack_Size)
                0x20004c00                __Stack_Init = (_estack - __Stack_Size)
                0x20004c00                PROVIDE (_Stack_Init, __Stack_Init)
                0x00000100                _Minimum_Stack_Size = 0x100
                0x00000000                PROVIDE (Undefined_Handler, 0x0)
                0x00000000                PROVIDE (SWI_Handler, 0x0)
                0x00000000                PROVIDE (IRQ_Handler, 0x0)
                0x00000000                PROVIDE (Prefetch_Handler, 0x0)
                0x00000000                PROVIDE (Abort_Handler, 0x0)
                0x00000000                PROVIDE (FIQ_Handler, 0x0)
                0x00000000                PROVIDE (NMIException, 0x0)
                0x00000000                PROVIDE (HardFaultException, 0x0)
                0x00000000                PROVIDE (MemManageException, 0x0)
                0x00000000                PROVIDE (BusFaultException, 0x0)
                0x00000000                PROVIDE (UsageFaultException, 0x0)
                0x00000000                PROVIDE (SVCHandler, 0x0)
                0x00000000                PROVIDE (DebugMonitor, 0x0)
                0x00000000                PROVIDE (PendSVC, 0x0)
                0x00000000                PROVIDE (SysTickHandler, 0x0)
                0x00000000                PROVIDE (WWDG_IRQHandler, 0x0)
                0x00000000                PROVIDE (PVD_IRQHandler, 0x0)
                0x00000000                PROVIDE (TAMPER_IRQHandler, 0x0)
                0x00000000                PROVIDE (RTC_IRQHandler, 0x0)
                0x00000000                PROVIDE (FLASH_IRQHandler, 0x0)
                0x00000000                PROVIDE (RCC_IRQHandler, 0x0)
                0x00000000                PROVIDE (EXTI0_IRQHandler, 0x0)
                0x00000000                PROVIDE (EXTI1_IRQHandler, 0x0)
                0x00000000                PROVIDE (EXTI2_IRQHandler, 0x0)
                0x00000000                PROVIDE (EXTI3_IRQHandler, 0x0)
                0x00000000                PROVIDE (EXTI4_IRQHandler, 0x0)
                0x00000000                PROVIDE (DMAChannel1_IRQHandler, 0x0)
                0x00000000                PROVIDE (DMAChannel2_IRQHandler, 0x0)
                0x00000000                PROVIDE (DMAChannel3_IRQHandler, 0x0)
                0x00000000                PROVIDE (DMAChannel4_IRQHandler, 0x0)
                0x00000000                PROVIDE (DMAChannel5_IRQHandler, 0x0)
                0x00000000                PROVIDE (DMAChannel6_IRQHandler, 0x0)
                0x00000000                PROVIDE (DMAChannel7_IRQHandler, 0x0)
                0x00000000                PROVIDE (ADC_IRQHandler, 0x0)
                0x00000000                PROVIDE (USB_HP_CAN_TX_IRQHandler, 0x0)
                0x00000000                PROVIDE (USB_LP_CAN_RX0_IRQHandler, 0x0)
                0x00000000                PROVIDE (CAN_RX1_IRQHandler, 0x0)
                0x00000000                PROVIDE (CAN_SCE_IRQHandler, 0x0)
                0x00000000                PROVIDE (EXTI9_5_IRQHandler, 0x0)
                0x00000000                PROVIDE (TIM1_BRK_IRQHandler, 0x0)
                0x00000000                PROVIDE (TIM1_UP_IRQHandler, 0x0)
                0x00000000                PROVIDE (TIM1_TRG_COM_IRQHandler, 0x0)
                0x00000000                PROVIDE (TIM1_CC_IRQHandler, 0x0)
                0x00000000                PROVIDE (TIM2_IRQHandler, 0x0)
                0x00000000                PROVIDE (TIM3_IRQHandler, 0x0)
                0x00000000                PROVIDE (TIM4_IRQHandler, 0x0)
                0x00000000                PROVIDE (I2C1_EV_IRQHandler, 0x0)
                0x00000000                PROVIDE (I2C1_ER_IRQHandler, 0x0)
                0x00000000                PROVIDE (I2C2_EV_IRQHandler, 0x0)
                0x00000000                PROVIDE (I2C2_ER_IRQHandler, 0x0)
                0x00000000                PROVIDE (SPI1_IRQHandler, 0x0)
                0x00000000                PROVIDE (SPI2_IRQHandler, 0x0)
                0x00000000                PROVIDE (USART1_IRQHandler, 0x0)
                0x00000000                PROVIDE (USART2_IRQHandler, 0x0)
                0x00000000                PROVIDE (USART3_IRQHandler, 0x0)
                0x00000000                PROVIDE (EXTI15_10_IRQHandler, 0x0)
                0x00000000                PROVIDE (RTCAlarm_IRQHandler, 0x0)
                0x00000000                PROVIDE (USBWakeUp_IRQHandler, 0x0)
                0x42000000                PERIPH_BB_BASE = 0x42000000
                0x22000000                SRAM_BB_BASE = 0x22000000
                0x20000000                SRAM_BASE = 0x20000000
                0x40000000                PERIPH_BASE = 0x40000000
                0x40022000                PROVIDE (FLASH_BASE, 0x40022000)
                0x1ffff800                PROVIDE (OB_BASE, 0x1ffff800)
                0x40000000                APB1PERIPH_BASE = PERIPH_BASE
                0x40010000                APB2PERIPH_BASE = (PERIPH_BASE + 0x10000)
                0x40020000                AHBPERIPH_BASE = (PERIPH_BASE + 0x20000)
                0x40000000                PROVIDE (TIM2, (APB1PERIPH_BASE + 0x0))
                0x40000400                PROVIDE (TIM3, (APB1PERIPH_BASE + 0x400))
                0x40000800                PROVIDE (TIM4, (APB1PERIPH_BASE + 0x800))
                0x40002800                PROVIDE (RTC, (APB1PERIPH_BASE + 0x2800))
                0x40002c00                PROVIDE (WWDG, (APB1PERIPH_BASE + 0x2c00))
                0x40003000                PROVIDE (IWDG, (APB1PERIPH_BASE + 0x3000))
                0x40003800                PROVIDE (SPI2, (APB1PERIPH_BASE + 0x3800))
                0x40004400                PROVIDE (USART2, (APB1PERIPH_BASE + 0x4400))
                0x40004800                PROVIDE (USART3, (APB1PERIPH_BASE + 0x4800))
                0x40005400                PROVIDE (I2C1, (APB1PERIPH_BASE + 0x5400))
                0x40005800                PROVIDE (I2C2, (APB1PERIPH_BASE + 0x5800))
                0x40006400                PROVIDE (CAN, (APB1PERIPH_BASE + 0x6400))
                0x40006c00                PROVIDE (BKP, (APB1PERIPH_BASE + 0x6c00))
                0x40007000                PROVIDE (PWR, (APB1PERIPH_BASE + 0x7000))
                0x40010000                PROVIDE (AFIO, (APB2PERIPH_BASE + 0x0))
                0x40010400                PROVIDE (EXTI, (APB2PERIPH_BASE + 0x400))
                0x40010800                PROVIDE (GPIOA, (APB2PERIPH_BASE + 0x800))
                0x40010c00                PROVIDE (GPIOB, (APB2PERIPH_BASE + 0xc00))
                0x40011000                PROVIDE (GPIOC, (APB2PERIPH_BASE + 0x1000))
                0x40011400                PROVIDE (GPIOD, (APB2PERIPH_BASE + 0x1400))
                0x40011800                PROVIDE (GPIOE, (APB2PERIPH_BASE + 0x1800))
                0x40012400                PROVIDE (ADC1, (APB2PERIPH_BASE + 0x2400))
                0x40012800                PROVIDE (ADC2, (APB2PERIPH_BASE + 0x2800))
                0x40012c00                PROVIDE (TIM1, (APB2PERIPH_BASE + 0x2c00))
                0x40013000                PROVIDE (SPI1, (APB2PERIPH_BASE + 0x3000))
                0x40013800                PROVIDE (USART1, (APB2PERIPH_BASE + 0x3800))
                0x40020000                PROVIDE (DMA, (AHBPERIPH_BASE + 0x0))
                0x40020008                PROVIDE (DMA_Channel1, (AHBPERIPH_BASE + 0x8))
                0x4002001c                PROVIDE (DMA_Channel2, (AHBPERIPH_BASE + 0x1c))
                0x40020030                PROVIDE (DMA_Channel3, (AHBPERIPH_BASE + 0x30))
                0x40020044                PROVIDE (DMA_Channel4, (AHBPERIPH_BASE + 0x44))
                0x40020058                PROVIDE (DMA_Channel5, (AHBPERIPH_BASE + 0x58))
                0x4002006c                PROVIDE (DMA_Channel6, (AHBPERIPH_BASE + 0x6c))
                0x40020080                PROVIDE (DMA_Channel7, (AHBPERIPH_BASE + 0x80))
                0x40021000                PROVIDE (RCC, (AHBPERIPH_BASE + 0x1000))
                0xe000e000                SCS_BASE = 0xe000e000
                0xe000e010                PROVIDE (SysTick, (SCS_BASE + 0x10))
                0xe000e100                PROVIDE (NVIC, (SCS_BASE + 0x100))
                0xe000ed00                PROVIDE (SCB, (SCS_BASE + 0xd00))
                0x20005000                _estack = 0x20005000

.isr_vector     0x08000000      0x134
                0x08000000                . = ALIGN (0x4)
 *(.isr_vector)
 .isr_vector    0x08000000      0x134 lib/libstm32.a(stm32f10x_vector.o)
                0x08000000                g_pfnVectors
                0x08000134                . = ALIGN (0x4)

.flashtext      0x08000134        0x0
                0x08000134                . = ALIGN (0x4)
 *(.flashtext)
                0x08000134                . = ALIGN (0x4)

.text           0x08000134     0x25b8
                0x08000134                . = ALIGN (0x4)
 *(.text)
 *(.text.*)
 .text.ClearTimeOutBuffer
                0x08000134        0xc main.o
                0x08000134                ClearTimeOutBuffer
 .text.Interrupt1ms
                0x08000140       0x10 main.o
                0x08000140                Interrupt1ms
 .text.StringCompare
                0x08000150       0x38 main.o
                0x08000150                StringCompare
 .text.NVIC_Configuration
                0x08000188       0x68 main.o
                0x08000188                NVIC_Configuration
 .text.GPIO_Configuration
                0x080001f0       0xb4 main.o
                0x080001f0                GPIO_Configuration
 .text.RCC_Configuration
                0x080002a4       0x8c main.o
                0x080002a4                RCC_Configuration
 .text.USB_TxDString
                0x08000330       0x1c main.o
                0x08000330                USB_TxDString
 .text.Delay    0x0800034c       0x2c main.o
                0x0800034c                Delay
 .text.USART_Configuration
                0x08000378       0x50 main.o
                0x08000378                USART_Configuration
 .text.TxDByte  0x080003c8       0x28 main.o
                0x080003c8                TxDByte
 .text.TxDString
                0x080003f0       0x1c main.o
                0x080003f0                TxDString
 .text.SerialMonitor
                0x0800040c      0x228 main.o
                0x0800040c                SerialMonitor
 .text.Timer_Configuration
                0x08000634       0x54 main.o
                0x08000634                Timer_Configuration
 .text.main     0x08000688       0xb4 main.o
                0x08000688                main
 .text.NMIException
                0x0800073c        0x4 stm32f10x_it.o
                0x0800073c                NMIException
 .text.HardFaultException
                0x08000740        0x4 stm32f10x_it.o
                0x08000740                HardFaultException
 .text.MemManageException
                0x08000744        0x4 stm32f10x_it.o
                0x08000744                MemManageException
 .text.BusFaultException
                0x08000748        0x4 stm32f10x_it.o
                0x08000748                BusFaultException
 .text.UsageFaultException
                0x0800074c        0x4 stm32f10x_it.o
                0x0800074c                UsageFaultException
 .text.DebugMonitor
                0x08000750        0x4 stm32f10x_it.o
                0x08000750                DebugMonitor
 .text.SVCHandler
                0x08000754        0x4 stm32f10x_it.o
                0x08000754                SVCHandler
 .text.PendSVC  0x08000758        0x4 stm32f10x_it.o
                0x08000758                PendSVC
 .text.SysTickHandler
                0x0800075c       0x14 stm32f10x_it.o
                0x0800075c                SysTickHandler
 .text.WWDG_IRQHandler
                0x08000770        0x4 stm32f10x_it.o
                0x08000770                WWDG_IRQHandler
 .text.PVD_IRQHandler
                0x08000774        0x4 stm32f10x_it.o
                0x08000774                PVD_IRQHandler
 .text.TAMPER_IRQHandler
                0x08000778        0x4 stm32f10x_it.o
                0x08000778                TAMPER_IRQHandler
 .text.RTC_IRQHandler
                0x0800077c        0x4 stm32f10x_it.o
                0x0800077c                RTC_IRQHandler
 .text.FLASH_IRQHandler
                0x08000780        0x4 stm32f10x_it.o
                0x08000780                FLASH_IRQHandler
 .text.RCC_IRQHandler
                0x08000784        0x4 stm32f10x_it.o
                0x08000784                RCC_IRQHandler
 .text.EXTI0_IRQHandler
                0x08000788        0x4 stm32f10x_it.o
                0x08000788                EXTI0_IRQHandler
 .text.EXTI1_IRQHandler
                0x0800078c        0x4 stm32f10x_it.o
                0x0800078c                EXTI1_IRQHandler
 .text.EXTI2_IRQHandler
                0x08000790        0x4 stm32f10x_it.o
                0x08000790                EXTI2_IRQHandler
 .text.EXTI3_IRQHandler
                0x08000794        0x4 stm32f10x_it.o
                0x08000794                EXTI3_IRQHandler
 .text.EXTI4_IRQHandler
                0x08000798        0x4 stm32f10x_it.o
                0x08000798                EXTI4_IRQHandler
 .text.ADC1_2_IRQHandler
                0x0800079c        0x4 stm32f10x_it.o
                0x0800079c                ADC1_2_IRQHandler
 .text.USB_HP_CAN_TX_IRQHandler
                0x080007a0        0x4 stm32f10x_it.o
                0x080007a0                USB_HP_CAN_TX_IRQHandler
 .text.CAN_RX1_IRQHandler
                0x080007a4        0x4 stm32f10x_it.o
                0x080007a4                CAN_RX1_IRQHandler
 .text.CAN_SCE_IRQHandler
                0x080007a8        0x4 stm32f10x_it.o
                0x080007a8                CAN_SCE_IRQHandler
 .text.EXTI9_5_IRQHandler
                0x080007ac        0x4 stm32f10x_it.o
                0x080007ac                EXTI9_5_IRQHandler
 .text.TIM1_BRK_IRQHandler
                0x080007b0        0x4 stm32f10x_it.o
                0x080007b0                TIM1_BRK_IRQHandler
 .text.TIM1_UP_IRQHandler
                0x080007b4        0x4 stm32f10x_it.o
                0x080007b4                TIM1_UP_IRQHandler
 .text.TIM1_TRG_COM_IRQHandler
                0x080007b8        0x4 stm32f10x_it.o
                0x080007b8                TIM1_TRG_COM_IRQHandler
 .text.TIM1_CC_IRQHandler
                0x080007bc        0x4 stm32f10x_it.o
                0x080007bc                TIM1_CC_IRQHandler
 .text.TIM3_IRQHandler
                0x080007c0        0x4 stm32f10x_it.o
                0x080007c0                TIM3_IRQHandler
 .text.TIM4_IRQHandler
                0x080007c4        0x4 stm32f10x_it.o
                0x080007c4                TIM4_IRQHandler
 .text.I2C1_EV_IRQHandler
                0x080007c8        0x4 stm32f10x_it.o
                0x080007c8                I2C1_EV_IRQHandler
 .text.I2C1_ER_IRQHandler
                0x080007cc        0x4 stm32f10x_it.o
                0x080007cc                I2C1_ER_IRQHandler
 .text.I2C2_EV_IRQHandler
                0x080007d0        0x4 stm32f10x_it.o
                0x080007d0                I2C2_EV_IRQHandler
 .text.I2C2_ER_IRQHandler
                0x080007d4        0x4 stm32f10x_it.o
                0x080007d4                I2C2_ER_IRQHandler
 .text.SPI1_IRQHandler
                0x080007d8        0x4 stm32f10x_it.o
                0x080007d8                SPI1_IRQHandler
 .text.SPI2_IRQHandler
                0x080007dc        0x4 stm32f10x_it.o
                0x080007dc                SPI2_IRQHandler
 .text.USART1_IRQHandler
                0x080007e0        0x4 stm32f10x_it.o
                0x080007e0                USART1_IRQHandler
 .text.USART3_IRQHandler
                0x080007e4        0x4 stm32f10x_it.o
                0x080007e4                USART3_IRQHandler
 .text.EXTI15_10_IRQHandler
                0x080007e8        0x4 stm32f10x_it.o
                0x080007e8                EXTI15_10_IRQHandler
 .text.RTCAlarm_IRQHandler
                0x080007ec        0x4 stm32f10x_it.o
                0x080007ec                RTCAlarm_IRQHandler
 .text.USBWakeUp_IRQHandler
                0x080007f0        0x4 stm32f10x_it.o
                0x080007f0                USBWakeUp_IRQHandler
 .text.TIM8_BRK_IRQHandler
                0x080007f4        0x4 stm32f10x_it.o
                0x080007f4                TIM8_BRK_IRQHandler
 .text.TIM8_UP_IRQHandler
                0x080007f8        0x4 stm32f10x_it.o
                0x080007f8                TIM8_UP_IRQHandler
 .text.TIM8_TRG_COM_IRQHandler
                0x080007fc        0x4 stm32f10x_it.o
                0x080007fc                TIM8_TRG_COM_IRQHandler
 .text.TIM8_CC_IRQHandler
                0x08000800        0x4 stm32f10x_it.o
                0x08000800                TIM8_CC_IRQHandler
 .text.ADC3_IRQHandler
                0x08000804        0x4 stm32f10x_it.o
                0x08000804                ADC3_IRQHandler
 .text.FSMC_IRQHandler
                0x08000808        0x4 stm32f10x_it.o
                0x08000808                FSMC_IRQHandler
 .text.SDIO_IRQHandler
                0x0800080c        0x4 stm32f10x_it.o
                0x0800080c                SDIO_IRQHandler
 .text.TIM5_IRQHandler
                0x08000810        0x4 stm32f10x_it.o
                0x08000810                TIM5_IRQHandler
 .text.SPI3_IRQHandler
                0x08000814        0x4 stm32f10x_it.o
                0x08000814                SPI3_IRQHandler
 .text.UART4_IRQHandler
                0x08000818        0x4 stm32f10x_it.o
                0x08000818                UART4_IRQHandler
 .text.UART5_IRQHandler
                0x0800081c        0x4 stm32f10x_it.o
                0x0800081c                UART5_IRQHandler
 .text.TIM6_IRQHandler
                0x08000820        0x4 stm32f10x_it.o
                0x08000820                TIM6_IRQHandler
 .text.TIM7_IRQHandler
                0x08000824        0x4 stm32f10x_it.o
                0x08000824                TIM7_IRQHandler
 .text.DMA2_Channel1_IRQHandler
                0x08000828        0x4 stm32f10x_it.o
                0x08000828                DMA2_Channel1_IRQHandler
 .text.DMA2_Channel2_IRQHandler
                0x0800082c        0x4 stm32f10x_it.o
                0x0800082c                DMA2_Channel2_IRQHandler
 .text.DMA2_Channel3_IRQHandler
                0x08000830        0x4 stm32f10x_it.o
                0x08000830                DMA2_Channel3_IRQHandler
 .text.DMA2_Channel4_5_IRQHandler
                0x08000834        0x4 stm32f10x_it.o
                0x08000834                DMA2_Channel4_5_IRQHandler
 .text.USART2_IRQHandler
                0x08000838       0x40 stm32f10x_it.o
                0x08000838                USART2_IRQHandler
 .text.TIM2_IRQHandler
                0x08000878       0x18 stm32f10x_it.o
                0x08000878                TIM2_IRQHandler
 .text.USB_LP_CAN_RX0_IRQHandler
                0x08000890        0xc stm32f10x_it.o
                0x08000890                USB_LP_CAN_RX0_IRQHandler
 .text.EP1_IN_Callback
                0x0800089c        0x4 usb_endp.o
                0x0800089c                EP1_IN_Callback
 .text.WriteFlash64
                0x080008a0      0x114 usb_endp.o
                0x080008a0                WriteFlash64
 .text.EP3_OUT_Callback
                0x080009b4       0x60 usb_endp.o
                0x080009b4                EP3_OUT_Callback
 .text.__USBCDC_ISR
                0x08000a14       0x84 usb_istr.o
                0x08000a14                __USBCDC_ISR
 .text.Virtual_Com_Port_SetConfiguration
                0x08000a98       0x18 usb_prop.o
                0x08000a98                Virtual_Com_Port_SetConfiguration
 .text.Virtual_Com_Port_SetDeviceAddress
                0x08000ab0        0xc usb_prop.o
                0x08000ab0                Virtual_Com_Port_SetDeviceAddress
 .text.Virtual_Com_Port_Status_In
                0x08000abc       0x14 usb_prop.o
                0x08000abc                Virtual_Com_Port_Status_In
 .text.Virtual_Com_Port_Status_Out
                0x08000ad0        0x4 usb_prop.o
                0x08000ad0                Virtual_Com_Port_Status_Out
 .text.Virtual_Com_Port_Data_Setup
                0x08000ad4       0x64 usb_prop.o
                0x08000ad4                Virtual_Com_Port_Data_Setup
 .text.Virtual_Com_Port_NoData_Setup
                0x08000b38       0x24 usb_prop.o
                0x08000b38                Virtual_Com_Port_NoData_Setup
 .text.Virtual_Com_Port_Get_Interface_Setting
                0x08000b5c       0x10 usb_prop.o
                0x08000b5c                Virtual_Com_Port_Get_Interface_Setting
 .text.Virtual_Com_Port_GetLineCoding
                0x08000b6c       0x1c usb_prop.o
                0x08000b6c                Virtual_Com_Port_GetLineCoding
 .text.Virtual_Com_Port_SetLineCoding
                0x08000b88       0x30 usb_prop.o
                0x08000b88                Virtual_Com_Port_SetLineCoding
 .text.Virtual_Com_Port_GetStringDescriptor
                0x08000bb8       0x28 usb_prop.o
                0x08000bb8                Virtual_Com_Port_GetStringDescriptor
 .text.Virtual_Com_Port_GetConfigDescriptor
                0x08000be0       0x14 usb_prop.o
                0x08000be0                Virtual_Com_Port_GetConfigDescriptor
 .text.Virtual_Com_Port_GetDeviceDescriptor
                0x08000bf4       0x14 usb_prop.o
                0x08000bf4                Virtual_Com_Port_GetDeviceDescriptor
 .text.Virtual_Com_Port_Reset
                0x08000c08       0xe4 usb_prop.o
                0x08000c08                Virtual_Com_Port_Reset
 .text.Virtual_Com_Port_init
                0x08000cec       0x24 usb_prop.o
                0x08000cec                Virtual_Com_Port_init
 .text.Get_SerialNum
                0x08000d10       0x64 USBInit.o
                0x08000d10                Get_SerialNum
 .text.USB_TxDByte
                0x08000d74       0x2c USBInit.o
                0x08000d74                USB_TxDByte
 .text.USB_Cable_Config
                0x08000da0       0x24 USBInit.o
                0x08000da0                USB_Cable_Config
 .text.PowerOff
                0x08000dc4       0x28 USBInit.o
                0x08000dc4                PowerOff
 .text.UsbVcpDisconnect
                0x08000dec        0xc USBInit.o
                0x08000dec                UsbVcpDisconnect
 .text.PowerOn  0x08000df8       0x38 USBInit.o
                0x08000df8                PowerOn
 .text.FLASH_SetLatency
                0x08000e30       0x18 lib/libstm32.a(stm32f10x_flash.o)
                0x08000e30                FLASH_SetLatency
 .text.FLASH_PrefetchBufferCmd
                0x08000e48       0x18 lib/libstm32.a(stm32f10x_flash.o)
                0x08000e48                FLASH_PrefetchBufferCmd
 .text.FLASH_Unlock
                0x08000e60       0x18 lib/libstm32.a(stm32f10x_flash.o)
                0x08000e60                FLASH_Unlock
 .text.FLASH_Lock
                0x08000e78       0x10 lib/libstm32.a(stm32f10x_flash.o)
                0x08000e78                FLASH_Lock
 .text.FLASH_ClearFlag
                0x08000e88        0xc lib/libstm32.a(stm32f10x_flash.o)
                0x08000e88                FLASH_ClearFlag
 .text.FLASH_WaitForLastOperation
                0x08000e94       0x94 lib/libstm32.a(stm32f10x_flash.o)
                0x08000e94                FLASH_WaitForLastOperation
 .text.FLASH_ProgramWord
                0x08000f28       0x48 lib/libstm32.a(stm32f10x_flash.o)
                0x08000f28                FLASH_ProgramWord
 .text.FLASH_ErasePage
                0x08000f70       0x48 lib/libstm32.a(stm32f10x_flash.o)
                0x08000f70                FLASH_ErasePage
 .text.IWDG_WriteAccessCmd
                0x08000fb8        0xc lib/libstm32.a(stm32f10x_iwdg.o)
                0x08000fb8                IWDG_WriteAccessCmd
 .text.IWDG_SetPrescaler
                0x08000fc4        0xc lib/libstm32.a(stm32f10x_iwdg.o)
                0x08000fc4                IWDG_SetPrescaler
 .text.IWDG_SetReload
                0x08000fd0        0xc lib/libstm32.a(stm32f10x_iwdg.o)
                0x08000fd0                IWDG_SetReload
 .text.GPIO_Init
                0x08000fdc       0xa8 lib/libstm32.a(stm32f10x_gpio.o)
                0x08000fdc                GPIO_Init
 .text.GPIO_ReadInputDataBit
                0x08001084        0xc lib/libstm32.a(stm32f10x_gpio.o)
                0x08001084                GPIO_ReadInputDataBit
 .text.GPIO_SetBits
                0x08001090        0x4 lib/libstm32.a(stm32f10x_gpio.o)
                0x08001090                GPIO_SetBits
 .text.GPIO_ResetBits
                0x08001094        0x4 lib/libstm32.a(stm32f10x_gpio.o)
                0x08001094                GPIO_ResetBits
 .text.NVIC_PriorityGroupConfig
                0x08001098       0x14 lib/libstm32.a(stm32f10x_nvic.o)
                0x08001098                NVIC_PriorityGroupConfig
 .text.NVIC_Init
                0x080010ac       0x7c lib/libstm32.a(stm32f10x_nvic.o)
                0x080010ac                NVIC_Init
 .text.NVIC_SetVectorTable
                0x08001128       0x14 lib/libstm32.a(stm32f10x_nvic.o)
                0x08001128                NVIC_SetVectorTable
 .text.RCC_DeInit
                0x0800113c       0x40 lib/libstm32.a(stm32f10x_rcc.o)
                0x0800113c                RCC_DeInit
 .text.RCC_HSEConfig
                0x0800117c       0x34 lib/libstm32.a(stm32f10x_rcc.o)
                0x0800117c                RCC_HSEConfig
 .text.RCC_WaitForHSEStartUp
                0x080011b0       0x30 lib/libstm32.a(stm32f10x_rcc.o)
                0x080011b0                RCC_WaitForHSEStartUp
 .text.RCC_PLLConfig
                0x080011e0       0x14 lib/libstm32.a(stm32f10x_rcc.o)
                0x080011e0                RCC_PLLConfig
 .text.RCC_PLLCmd
                0x080011f4        0xc lib/libstm32.a(stm32f10x_rcc.o)
                0x080011f4                RCC_PLLCmd
 .text.RCC_SYSCLKConfig
                0x08001200       0x14 lib/libstm32.a(stm32f10x_rcc.o)
                0x08001200                RCC_SYSCLKConfig
 .text.RCC_GetSYSCLKSource
                0x08001214       0x10 lib/libstm32.a(stm32f10x_rcc.o)
                0x08001214                RCC_GetSYSCLKSource
 .text.RCC_HCLKConfig
                0x08001224       0x14 lib/libstm32.a(stm32f10x_rcc.o)
                0x08001224                RCC_HCLKConfig
 .text.RCC_PCLK1Config
                0x08001238       0x14 lib/libstm32.a(stm32f10x_rcc.o)
                0x08001238                RCC_PCLK1Config
 .text.RCC_PCLK2Config
                0x0800124c       0x14 lib/libstm32.a(stm32f10x_rcc.o)
                0x0800124c                RCC_PCLK2Config
 .text.RCC_USBCLKConfig
                0x08001260        0xc lib/libstm32.a(stm32f10x_rcc.o)
                0x08001260                RCC_USBCLKConfig
 .text.RCC_GetClocksFreq
                0x0800126c       0xb8 lib/libstm32.a(stm32f10x_rcc.o)
                0x0800126c                RCC_GetClocksFreq
 .text.RCC_APB2PeriphClockCmd
                0x08001324       0x1c lib/libstm32.a(stm32f10x_rcc.o)
                0x08001324                RCC_APB2PeriphClockCmd
 .text.RCC_APB1PeriphClockCmd
                0x08001340       0x1c lib/libstm32.a(stm32f10x_rcc.o)
                0x08001340                RCC_APB1PeriphClockCmd
 .text.RCC_APB2PeriphResetCmd
                0x0800135c       0x1c lib/libstm32.a(stm32f10x_rcc.o)
                0x0800135c                RCC_APB2PeriphResetCmd
 .text.RCC_APB1PeriphResetCmd
                0x08001378       0x1c lib/libstm32.a(stm32f10x_rcc.o)
                0x08001378                RCC_APB1PeriphResetCmd
 .text.RCC_GetFlagStatus
                0x08001394       0x44 lib/libstm32.a(stm32f10x_rcc.o)
                0x08001394                RCC_GetFlagStatus
 .text.RCC_ClearFlag
                0x080013d8       0x10 lib/libstm32.a(stm32f10x_rcc.o)
                0x080013d8                RCC_ClearFlag
 .text.TIM_TimeBaseInit
                0x080013e8       0x54 lib/libstm32.a(stm32f10x_tim.o)
                0x080013e8                TIM_TimeBaseInit
 .text.TIM_Cmd  0x0800143c       0x1c lib/libstm32.a(stm32f10x_tim.o)
                0x0800143c                TIM_Cmd
 .text.TIM_ITConfig
                0x08001458       0x18 lib/libstm32.a(stm32f10x_tim.o)
                0x08001458                TIM_ITConfig
 .text.TIM_PrescalerConfig
                0x08001470        0x8 lib/libstm32.a(stm32f10x_tim.o)
                0x08001470                TIM_PrescalerConfig
 .text.TIM_ClearFlag
                0x08001478        0xc lib/libstm32.a(stm32f10x_tim.o)
                0x08001478                TIM_ClearFlag
 .text.TIM_ClearITPendingBit
                0x08001484        0xc lib/libstm32.a(stm32f10x_tim.o)
                0x08001484                TIM_ClearITPendingBit
 .text.SysTick_SetReload
                0x08001490        0xc lib/libstm32.a(stm32f10x_systick.o)
                0x08001490                SysTick_SetReload
 .text.SysTick_CounterCmd
                0x0800149c       0x2c lib/libstm32.a(stm32f10x_systick.o)
                0x0800149c                SysTick_CounterCmd
 .text.SysTick_ITConfig
                0x080014c8       0x1c lib/libstm32.a(stm32f10x_systick.o)
                0x080014c8                SysTick_ITConfig
 .text.USART_Cmd
                0x080014e4       0x1c lib/libstm32.a(stm32f10x_usart.o)
                0x080014e4                USART_Cmd
 .text.USART_ITConfig
                0x08001500       0x40 lib/libstm32.a(stm32f10x_usart.o)
                0x08001500                USART_ITConfig
 .text.USART_SendData
                0x08001540        0x8 lib/libstm32.a(stm32f10x_usart.o)
                0x08001540                USART_SendData
 .text.USART_ReceiveData
                0x08001548        0x8 lib/libstm32.a(stm32f10x_usart.o)
                0x08001548                USART_ReceiveData
 .text.USART_GetFlagStatus
                0x08001550        0xc lib/libstm32.a(stm32f10x_usart.o)
                0x08001550                USART_GetFlagStatus
 .text.USART_ClearFlag
                0x0800155c        0xc lib/libstm32.a(stm32f10x_usart.o)
                0x0800155c                USART_ClearFlag
 .text.USART_Init
                0x08001568       0x9c lib/libstm32.a(stm32f10x_usart.o)
                0x08001568                USART_Init
 .text.USART_DeInit
                0x08001604       0x94 lib/libstm32.a(stm32f10x_usart.o)
                0x08001604                USART_DeInit
 .text.Reset_Handler
                0x08001698       0x54 lib/libstm32.a(stm32f10x_vector.o)
                0x08001698                Reset_Handler
 .text.USB_Init
                0x080016ec       0x3c lib/libstm32.a(usb_init.o)
                0x080016ec                USB_Init
 .text.Standard_GetConfiguration
                0x08001728       0x28 lib/libstm32.a(usb_core.o)
                0x08001728                Standard_GetConfiguration
 .text.Standard_SetConfiguration
                0x08001750       0x3c lib/libstm32.a(usb_core.o)
                0x08001750                Standard_SetConfiguration
 .text.Standard_GetInterface
                0x0800178c       0x28 lib/libstm32.a(usb_core.o)
                0x0800178c                Standard_GetInterface
 .text.Standard_SetInterface
                0x080017b4       0x48 lib/libstm32.a(usb_core.o)
                0x080017b4                Standard_SetInterface
 .text.Standard_GetStatus
                0x080017fc       0xb4 lib/libstm32.a(usb_core.o)
                0x080017fc                Standard_GetStatus
 .text.Standard_SetEndPointFeature
                0x080018b0       0xb4 lib/libstm32.a(usb_core.o)
                0x080018b0                Standard_SetEndPointFeature
 .text.Standard_SetDeviceFeature
                0x08001964       0x28 lib/libstm32.a(usb_core.o)
                0x08001964                Standard_SetDeviceFeature
 .text.Standard_GetDescriptorData
                0x0800198c       0x24 lib/libstm32.a(usb_core.o)
                0x0800198c                Standard_GetDescriptorData
 .text.SetDeviceAddress
                0x080019b0       0x4c lib/libstm32.a(usb_core.o)
                0x080019b0                SetDeviceAddress
 .text.NOP_Process
                0x080019fc        0x4 lib/libstm32.a(usb_core.o)
                0x080019fc                NOP_Process
 .text.Post0_Process
                0x08001a00       0x48 lib/libstm32.a(usb_core.o)
                0x08001a00                Post0_Process
 .text.Out0_Process
                0x08001a48      0x108 lib/libstm32.a(usb_core.o)
                0x08001a48                Out0_Process
 .text.DataStageIn
                0x08001b50       0xc8 lib/libstm32.a(usb_core.o)
 .text.In0_Process
                0x08001c18       0xac lib/libstm32.a(usb_core.o)
                0x08001c18                In0_Process
 .text.Standard_ClearFeature
                0x08001cc4      0x104 lib/libstm32.a(usb_core.o)
                0x08001cc4                Standard_ClearFeature
 .text.Setup0_Process
                0x08001dc8      0x32c lib/libstm32.a(usb_core.o)
                0x08001dc8                Setup0_Process
 .text.UserToPMABufferCopy
                0x080020f4       0x38 lib/libstm32.a(usb_mem.o)
                0x080020f4                UserToPMABufferCopy
 .text.PMAToUserBufferCopy
                0x0800212c       0x24 lib/libstm32.a(usb_mem.o)
                0x0800212c                PMAToUserBufferCopy
 .text.SetBTABLE
                0x08002150       0x14 lib/libstm32.a(usb_regs.o)
                0x08002150                SetBTABLE
 .text.SetEPType
                0x08002164       0x1c lib/libstm32.a(usb_regs.o)
                0x08002164                SetEPType
 .text.SetEPTxStatus
                0x08002180       0x34 lib/libstm32.a(usb_regs.o)
                0x08002180                SetEPTxStatus
 .text.SetEPRxStatus
                0x080021b4       0x34 lib/libstm32.a(usb_regs.o)
                0x080021b4                SetEPRxStatus
 .text.SetEPTxValid
                0x080021e8       0x24 lib/libstm32.a(usb_regs.o)
                0x080021e8                SetEPTxValid
 .text.SetEPRxValid
                0x0800220c       0x24 lib/libstm32.a(usb_regs.o)
                0x0800220c                SetEPRxValid
 .text.Clear_Status_Out
                0x08002230       0x20 lib/libstm32.a(usb_regs.o)
                0x08002230                Clear_Status_Out
 .text.ClearDTOG_RX
                0x08002250       0x28 lib/libstm32.a(usb_regs.o)
                0x08002250                ClearDTOG_RX
 .text.ClearDTOG_TX
                0x08002278       0x28 lib/libstm32.a(usb_regs.o)
                0x08002278                ClearDTOG_TX
 .text.SetEPTxAddr
                0x080022a0       0x24 lib/libstm32.a(usb_regs.o)
                0x080022a0                SetEPTxAddr
 .text.SetEPRxAddr
                0x080022c4       0x24 lib/libstm32.a(usb_regs.o)
                0x080022c4                SetEPRxAddr
 .text.GetEPTxAddr
                0x080022e8       0x1c lib/libstm32.a(usb_regs.o)
                0x080022e8                GetEPTxAddr
 .text.GetEPRxAddr
                0x08002304       0x20 lib/libstm32.a(usb_regs.o)
                0x08002304                GetEPRxAddr
 .text.SetEPTxCount
                0x08002324       0x20 lib/libstm32.a(usb_regs.o)
                0x08002324                SetEPTxCount
 .text.SetEPRxCount
                0x08002344       0x44 lib/libstm32.a(usb_regs.o)
                0x08002344                SetEPRxCount
 .text.GetEPRxCount
                0x08002388       0x24 lib/libstm32.a(usb_regs.o)
                0x08002388                GetEPRxCount
 .text.ByteSwap
                0x080023ac        0xc lib/libstm32.a(usb_regs.o)
                0x080023ac                ByteSwap
 .text.USB_SIL_Init
                0x080023b8       0x24 lib/libstm32.a(usb_sil.o)
                0x080023b8                USB_SIL_Init
 .text.USB_SIL_Read
                0x080023dc       0x24 lib/libstm32.a(usb_sil.o)
                0x080023dc                USB_SIL_Read
 .text.CTR_LP   0x08002400      0x194 lib/libstm32.a(usb_int.o)
                0x08002400                CTR_LP
 *(.rodata)
 .rodata        0x08002594       0x9d usb_desc.o
                0x080025ff                Virtual_Com_Port_StringProduct
                0x08002594                Virtual_Com_Port_DeviceDescriptor
                0x080025e9                Virtual_Com_Port_StringLangID
                0x080025ed                Virtual_Com_Port_StringVendor
                0x080025a6                Virtual_Com_Port_ConfigDescriptor
 .rodata        0x08002631       0x14 lib/libstm32.a(stm32f10x_rcc.o)
 *(.rodata*)
 .rodata.str1.1
                0x08002645       0x64 main.o
                                 0x67 (size before relaxing)
 .rodata.str1.1
                0x080026a9       0x42 usb_endp.o
 *(.glue_7)
 *fill*         0x080026eb        0x1 00
 .glue_7        0x080026ec        0x0 c:/winarm/bin/../lib/gcc/arm-eabi/4.3.0/crti.o
 .glue_7        0x080026ec        0x0 c:/winarm/bin/../lib/gcc/arm-eabi/4.3.0/crtbegin.o
 .glue_7        0x080026ec        0x0 c:/winarm/bin/../lib/gcc/arm-eabi/4.3.0/../../../../arm-eabi/lib/crt0.o
 .glue_7        0x080026ec        0x0 main.o
 .glue_7        0x080026ec        0x0 stm32f10x_it.o
 .glue_7        0x080026ec        0x0 usb_desc.o
 .glue_7        0x080026ec        0x0 usb_endp.o
 .glue_7        0x080026ec        0x0 usb_istr.o
 .glue_7        0x080026ec        0x0 usb_prop.o
 .glue_7        0x080026ec        0x0 USBInit.o
 .glue_7        0x080026ec        0x0 lib/libstm32.a(stm32f10x_flash.o)
 .glue_7        0x080026ec        0x0 lib/libstm32.a(stm32f10x_iwdg.o)
 .glue_7        0x080026ec        0x0 lib/libstm32.a(stm32f10x_gpio.o)
 .glue_7        0x080026ec        0x0 lib/libstm32.a(stm32f10x_nvic.o)
 .glue_7        0x080026ec        0x0 lib/libstm32.a(stm32f10x_rcc.o)
 .glue_7        0x080026ec        0x0 lib/libstm32.a(stm32f10x_tim.o)
 .glue_7        0x080026ec        0x0 lib/libstm32.a(stm32f10x_systick.o)
 .glue_7        0x080026ec        0x0 lib/libstm32.a(stm32f10x_usart.o)
 .glue_7        0x080026ec        0x0 lib/libstm32.a(cortexm3_macro.o)
 .glue_7        0x080026ec        0x0 lib/libstm32.a(stm32f10x_vector.o)
 .glue_7        0x080026ec        0x0 lib/libstm32.a(usb_init.o)
 .glue_7        0x080026ec        0x0 lib/libstm32.a(usb_core.o)
 .glue_7        0x080026ec        0x0 lib/libstm32.a(usb_mem.o)
 .glue_7        0x080026ec        0x0 lib/libstm32.a(usb_regs.o)
 .glue_7        0x080026ec        0x0 lib/libstm32.a(usb_sil.o)
 .glue_7        0x080026ec        0x0 lib/libstm32.a(usb_int.o)
 .glue_7        0x080026ec        0x0 c:/winarm/bin/../lib/gcc/arm-eabi/4.3.0/../../../../arm-eabi/lib\libc.a(lib_a-atexit.o)
 .glue_7        0x080026ec        0x0 c:/winarm/bin/../lib/gcc/arm-eabi/4.3.0/../../../../arm-eabi/lib\libc.a(lib_a-exit.o)
 .glue_7        0x080026ec        0x0 c:/winarm/bin/../lib/gcc/arm-eabi/4.3.0/../../../../arm-eabi/lib\libc.a(lib_a-impure.o)
 .glue_7        0x080026ec        0x0 c:/winarm/bin/../lib/gcc/arm-eabi/4.3.0/../../../../arm-eabi/lib\libc.a(lib_a-init.o)
 .glue_7        0x080026ec        0x0 c:/winarm/bin/../lib/gcc/arm-eabi/4.3.0/../../../../arm-eabi/lib\libc.a(lib_a-memset.o)
 .glue_7        0x080026ec        0x0 c:/winarm/bin/../lib/gcc/arm-eabi/4.3.0/../../../../arm-eabi/lib\libc.a(lib_a-__atexit.o)
 .glue_7        0x080026ec        0x0 c:/winarm/bin/../lib/gcc/arm-eabi/4.3.0/../../../../arm-eabi/lib\libc.a(lib_a-__call_atexit.o)
 .glue_7        0x080026ec        0x0 c:/winarm/bin/../lib/gcc/arm-eabi/4.3.0/crtend.o
 .glue_7        0x080026ec        0x0 c:/winarm/bin/../lib/gcc/arm-eabi/4.3.0/crtn.o
 *(.glue_7t)
 .glue_7t       0x080026ec        0x0 c:/winarm/bin/../lib/gcc/arm-eabi/4.3.0/crti.o
 .glue_7t       0x080026ec        0x0 c:/winarm/bin/../lib/gcc/arm-eabi/4.3.0/crtbegin.o
 .glue_7t       0x080026ec        0x0 c:/winarm/bin/../lib/gcc/arm-eabi/4.3.0/../../../../arm-eabi/lib/crt0.o
 .glue_7t       0x080026ec        0x0 main.o
 .glue_7t       0x080026ec        0x0 stm32f10x_it.o
 .glue_7t       0x080026ec        0x0 usb_desc.o
 .glue_7t       0x080026ec        0x0 usb_endp.o
 .glue_7t       0x080026ec        0x0 usb_istr.o
 .glue_7t       0x080026ec        0x0 usb_prop.o
 .glue_7t       0x080026ec        0x0 USBInit.o
 .glue_7t       0x080026ec        0x0 lib/libstm32.a(stm32f10x_flash.o)
 .glue_7t       0x080026ec        0x0 lib/libstm32.a(stm32f10x_iwdg.o)
 .glue_7t       0x080026ec        0x0 lib/libstm32.a(stm32f10x_gpio.o)
 .glue_7t       0x080026ec        0x0 lib/libstm32.a(stm32f10x_nvic.o)
 .glue_7t       0x080026ec        0x0 lib/libstm32.a(stm32f10x_rcc.o)
 .glue_7t       0x080026ec        0x0 lib/libstm32.a(stm32f10x_tim.o)
 .glue_7t       0x080026ec        0x0 lib/libstm32.a(stm32f10x_systick.o)
 .glue_7t       0x080026ec        0x0 lib/libstm32.a(stm32f10x_usart.o)
 .glue_7t       0x080026ec        0x0 lib/libstm32.a(cortexm3_macro.o)
 .glue_7t       0x080026ec        0x0 lib/libstm32.a(stm32f10x_vector.o)
 .glue_7t       0x080026ec        0x0 lib/libstm32.a(usb_init.o)
 .glue_7t       0x080026ec        0x0 lib/libstm32.a(usb_core.o)
 .glue_7t       0x080026ec        0x0 lib/libstm32.a(usb_mem.o)
 .glue_7t       0x080026ec        0x0 lib/libstm32.a(usb_regs.o)
 .glue_7t       0x080026ec        0x0 lib/libstm32.a(usb_sil.o)
 .glue_7t       0x080026ec        0x0 lib/libstm32.a(usb_int.o)
 .glue_7t       0x080026ec        0x0 c:/winarm/bin/../lib/gcc/arm-eabi/4.3.0/../../../../arm-eabi/lib\libc.a(lib_a-atexit.o)
 .glue_7t       0x080026ec        0x0 c:/winarm/bin/../lib/gcc/arm-eabi/4.3.0/../../../../arm-eabi/lib\libc.a(lib_a-exit.o)
 .glue_7t       0x080026ec        0x0 c:/winarm/bin/../lib/gcc/arm-eabi/4.3.0/../../../../arm-eabi/lib\libc.a(lib_a-impure.o)
 .glue_7t       0x080026ec        0x0 c:/winarm/bin/../lib/gcc/arm-eabi/4.3.0/../../../../arm-eabi/lib\libc.a(lib_a-init.o)
 .glue_7t       0x080026ec        0x0 c:/winarm/bin/../lib/gcc/arm-eabi/4.3.0/../../../../arm-eabi/lib\libc.a(lib_a-memset.o)
 .glue_7t       0x080026ec        0x0 c:/winarm/bin/../lib/gcc/arm-eabi/4.3.0/../../../../arm-eabi/lib\libc.a(lib_a-__atexit.o)
 .glue_7t       0x080026ec        0x0 c:/winarm/bin/../lib/gcc/arm-eabi/4.3.0/../../../../arm-eabi/lib\libc.a(lib_a-__call_atexit.o)
 .glue_7t       0x080026ec        0x0 c:/winarm/bin/../lib/gcc/arm-eabi/4.3.0/crtend.o
 .glue_7t       0x080026ec        0x0 c:/winarm/bin/../lib/gcc/arm-eabi/4.3.0/crtn.o
                0x080026ec                . = ALIGN (0x4)
                0x080026ec                _etext = .
                0x080026ec                _sidata = _etext

.vfp11_veneer   0x20000000        0x0
 .vfp11_veneer  0x20000000        0x0 c:/winarm/bin/../lib/gcc/arm-eabi/4.3.0/crti.o
 .vfp11_veneer  0x20000000        0x0 c:/winarm/bin/../lib/gcc/arm-eabi/4.3.0/crtbegin.o
 .vfp11_veneer  0x20000000        0x0 c:/winarm/bin/../lib/gcc/arm-eabi/4.3.0/../../../../arm-eabi/lib/crt0.o
 .vfp11_veneer  0x20000000        0x0 main.o
 .vfp11_veneer  0x20000000        0x0 stm32f10x_it.o
 .vfp11_veneer  0x20000000        0x0 usb_desc.o
 .vfp11_veneer  0x20000000        0x0 usb_endp.o
 .vfp11_veneer  0x20000000        0x0 usb_istr.o
 .vfp11_veneer  0x20000000        0x0 usb_prop.o
 .vfp11_veneer  0x20000000        0x0 USBInit.o
 .vfp11_veneer  0x20000000        0x0 lib/libstm32.a(stm32f10x_flash.o)
 .vfp11_veneer  0x20000000        0x0 lib/libstm32.a(stm32f10x_iwdg.o)
 .vfp11_veneer  0x20000000        0x0 lib/libstm32.a(stm32f10x_gpio.o)
 .vfp11_veneer  0x20000000        0x0 lib/libstm32.a(stm32f10x_nvic.o)
 .vfp11_veneer  0x20000000        0x0 lib/libstm32.a(stm32f10x_rcc.o)
 .vfp11_veneer  0x20000000        0x0 lib/libstm32.a(stm32f10x_tim.o)
 .vfp11_veneer  0x20000000        0x0 lib/libstm32.a(stm32f10x_systick.o)
 .vfp11_veneer  0x20000000        0x0 lib/libstm32.a(stm32f10x_usart.o)
 .vfp11_veneer  0x20000000        0x0 lib/libstm32.a(cortexm3_macro.o)
 .vfp11_veneer  0x20000000        0x0 lib/libstm32.a(stm32f10x_vector.o)
 .vfp11_veneer  0x20000000        0x0 lib/libstm32.a(usb_init.o)
 .vfp11_veneer  0x20000000        0x0 lib/libstm32.a(usb_core.o)
 .vfp11_veneer  0x20000000        0x0 lib/libstm32.a(usb_mem.o)
 .vfp11_veneer  0x20000000        0x0 lib/libstm32.a(usb_regs.o)
 .vfp11_veneer  0x20000000        0x0 lib/libstm32.a(usb_sil.o)
 .vfp11_veneer  0x20000000        0x0 lib/libstm32.a(usb_int.o)
 .vfp11_veneer  0x20000000        0x0 c:/winarm/bin/../lib/gcc/arm-eabi/4.3.0/../../../../arm-eabi/lib\libc.a(lib_a-atexit.o)
 .vfp11_veneer  0x20000000        0x0 c:/winarm/bin/../lib/gcc/arm-eabi/4.3.0/../../../../arm-eabi/lib\libc.a(lib_a-exit.o)
 .vfp11_veneer  0x20000000        0x0 c:/winarm/bin/../lib/gcc/arm-eabi/4.3.0/../../../../arm-eabi/lib\libc.a(lib_a-impure.o)
 .vfp11_veneer  0x20000000        0x0 c:/winarm/bin/../lib/gcc/arm-eabi/4.3.0/../../../../arm-eabi/lib\libc.a(lib_a-init.o)
 .vfp11_veneer  0x20000000        0x0 c:/winarm/bin/../lib/gcc/arm-eabi/4.3.0/../../../../arm-eabi/lib\libc.a(lib_a-memset.o)
 .vfp11_veneer  0x20000000        0x0 c:/winarm/bin/../lib/gcc/arm-eabi/4.3.0/../../../../arm-eabi/lib\libc.a(lib_a-__atexit.o)
 .vfp11_veneer  0x20000000        0x0 c:/winarm/bin/../lib/gcc/arm-eabi/4.3.0/../../../../arm-eabi/lib\libc.a(lib_a-__call_atexit.o)
 .vfp11_veneer  0x20000000        0x0 c:/winarm/bin/../lib/gcc/arm-eabi/4.3.0/crtend.o
 .vfp11_veneer  0x20000000        0x0 c:/winarm/bin/../lib/gcc/arm-eabi/4.3.0/crtn.o

.v4_bx          0x20000000        0x0
 .v4_bx         0x20000000        0x0 c:/winarm/bin/../lib/gcc/arm-eabi/4.3.0/crti.o
 .v4_bx         0x20000000        0x0 c:/winarm/bin/../lib/gcc/arm-eabi/4.3.0/crtbegin.o
 .v4_bx         0x20000000        0x0 c:/winarm/bin/../lib/gcc/arm-eabi/4.3.0/../../../../arm-eabi/lib/crt0.o
 .v4_bx         0x20000000        0x0 main.o
 .v4_bx         0x20000000        0x0 stm32f10x_it.o
 .v4_bx         0x20000000        0x0 usb_desc.o
 .v4_bx         0x20000000        0x0 usb_endp.o
 .v4_bx         0x20000000        0x0 usb_istr.o
 .v4_bx         0x20000000        0x0 usb_prop.o
 .v4_bx         0x20000000        0x0 USBInit.o
 .v4_bx         0x20000000        0x0 lib/libstm32.a(stm32f10x_flash.o)
 .v4_bx         0x20000000        0x0 lib/libstm32.a(stm32f10x_iwdg.o)
 .v4_bx         0x20000000        0x0 lib/libstm32.a(stm32f10x_gpio.o)
 .v4_bx         0x20000000        0x0 lib/libstm32.a(stm32f10x_nvic.o)
 .v4_bx         0x20000000        0x0 lib/libstm32.a(stm32f10x_rcc.o)
 .v4_bx         0x20000000        0x0 lib/libstm32.a(stm32f10x_tim.o)
 .v4_bx         0x20000000        0x0 lib/libstm32.a(stm32f10x_systick.o)
 .v4_bx         0x20000000        0x0 lib/libstm32.a(stm32f10x_usart.o)
 .v4_bx         0x20000000        0x0 lib/libstm32.a(cortexm3_macro.o)
 .v4_bx         0x20000000        0x0 lib/libstm32.a(stm32f10x_vector.o)
 .v4_bx         0x20000000        0x0 lib/libstm32.a(usb_init.o)
 .v4_bx         0x20000000        0x0 lib/libstm32.a(usb_core.o)
 .v4_bx         0x20000000        0x0 lib/libstm32.a(usb_mem.o)
 .v4_bx         0x20000000        0x0 lib/libstm32.a(usb_regs.o)
 .v4_bx         0x20000000        0x0 lib/libstm32.a(usb_sil.o)
 .v4_bx         0x20000000        0x0 lib/libstm32.a(usb_int.o)
 .v4_bx         0x20000000        0x0 c:/winarm/bin/../lib/gcc/arm-eabi/4.3.0/../../../../arm-eabi/lib\libc.a(lib_a-atexit.o)
 .v4_bx         0x20000000        0x0 c:/winarm/bin/../lib/gcc/arm-eabi/4.3.0/../../../../arm-eabi/lib\libc.a(lib_a-exit.o)
 .v4_bx         0x20000000        0x0 c:/winarm/bin/../lib/gcc/arm-eabi/4.3.0/../../../../arm-eabi/lib\libc.a(lib_a-impure.o)
 .v4_bx         0x20000000        0x0 c:/winarm/bin/../lib/gcc/arm-eabi/4.3.0/../../../../arm-eabi/lib\libc.a(lib_a-init.o)
 .v4_bx         0x20000000        0x0 c:/winarm/bin/../lib/gcc/arm-eabi/4.3.0/../../../../arm-eabi/lib\libc.a(lib_a-memset.o)
 .v4_bx         0x20000000        0x0 c:/winarm/bin/../lib/gcc/arm-eabi/4.3.0/../../../../arm-eabi/lib\libc.a(lib_a-__atexit.o)
 .v4_bx         0x20000000        0x0 c:/winarm/bin/../lib/gcc/arm-eabi/4.3.0/../../../../arm-eabi/lib\libc.a(lib_a-__call_atexit.o)
 .v4_bx         0x20000000        0x0 c:/winarm/bin/../lib/gcc/arm-eabi/4.3.0/crtend.o
 .v4_bx         0x20000000        0x0 c:/winarm/bin/../lib/gcc/arm-eabi/4.3.0/crtn.o

.data           0x20000000       0xe4 load address 0x080026ec
                0x20000000                . = ALIGN (0x4)
                0x20000000                _sdata = .
 *(.data)
 .data          0x20000000        0x1 main.o
                0x20000000                gbIsFlashLock
 .data          0x20000001       0x1a usb_desc.o
                0x20000001                Virtual_Com_Port_StringSerial
 *fill*         0x2000001b        0x1 00
 .data          0x2000001c       0x38 usb_istr.o
                0x20000038                pEpInt_OUT
                0x2000001c                pEpInt_IN
 .data          0x20000054       0x90 usb_prop.o
                0x200000b4                Device_Descriptor
                0x20000054                linecoding
                0x20000060                Device_Property
                0x200000c4                String_Descriptor
                0x20000090                User_Standard_Requests
                0x200000bc                Config_Descriptor
                0x2000005c                Device_Table
 *(.data.*)
                0x200000e4                . = ALIGN (0x4)
                0x200000e4                _edata = .

.bss            0x200000e4      0x584 load address 0x080027d0
                0x200000e4                . = ALIGN (0x4)
                0x200000e4                _sbss = .
 *(.bss)
 .bss           0x200000e4       0x70 main.o
                0x200000f8                gwCalculatedCheckSum
                0x200000fc                gwEndAddressPointer
                0x200000f0                gwRxTotalCount
                0x20000101                gbCount
                0x200000e4                gwWriteProtectedPages
                0x200000ec                gwAddressPointer
                0x200000f4                gwReceivedCheckSumFromHost
                0x200000e8                gu32TimingCounter1ms
                0x20000100                gbFlashDownloadStart
 .bss           0x20000154        0x4 stm32f10x_it.o
 .bss           0x20000158        0x8 usb_endp.o
                0x20000158                USB_Rx_Cnt
 .bss           0x20000160        0x1 usb_istr.o
                0x20000160                bIntPackSOF
 *fill*         0x20000161        0x3 00
 .bss           0x20000164        0x8 usb_prop.o
                0x20000164                Request
                0x20000168                comstatetemp
 .bss           0x2000016c        0xc USBInit.o
                0x20000170                USB_Tx_State
                0x2000016c                USART_Rx_length
                0x20000174                bDeviceState
 .bss           0x20000178        0x1 lib/libstm32.a(usb_core.o)
                0x20000178                Data_Mul_MaxPacketSize
 *(COMMON)
 *fill*         0x20000179        0x3 00
 COMMON         0x2000017c      0x470 main.o
                0x2000017c                HSEStartUpStatus
                0x20000180                TimingDelay
                0x20000184                gwUSARTWritePtr
                0x20000186                gbpRxBuffer
                0x200001d8                gwUSARTReadPtr
                0x200001dc                USART_InitStructure
                0x200001ec                gwpUSARTBuffer
 COMMON         0x200005ec       0x40 usb_endp.o
                0x200005ec                USB_Rx_Buffer
 COMMON         0x2000062c        0x2 usb_istr.o
                0x2000062c                wIstr
 *fill*         0x2000062e        0x2 00
 COMMON         0x20000630       0x32 lib/libstm32.a(usb_init.o)
                0x20000630                SaveState
                0x20000634                pProperty
                0x20000638                EPindex
                0x2000063c                Device_Info
                0x20000658                pUser_Standard_Requests
                0x2000065c                pInformation
                0x20000660                wInterrupt_Mask
 COMMON         0x20000662        0x2 lib/libstm32.a(usb_core.o)
                0x20000662                StatusInfo
 COMMON         0x20000664        0x4 lib/libstm32.a(usb_int.o)
                0x20000664                SaveRState
                0x20000666                SaveTState
                0x20000668                . = ALIGN (0x4)
                0x20000668                _ebss = .
                0x20000668                PROVIDE (end, _ebss)
                0x20000668                PROVIDE (_end, _ebss)

._usrstack      0x20000668      0x100 load address 0x08002d54
                0x20000668                . = ALIGN (0x4)
                0x20000668                _susrstack = .
                0x20000768                . = (. + _Minimum_Stack_Size)
 *fill*         0x20000668      0x100 00
                0x20000768                . = ALIGN (0x4)
                0x20000768                _eusrstack = .

.b1text
 *(.b1text)
 *(.b1rodata)
 *(.b1rodata*)

.eb0text
 *(.eb0text)
 *(.eb0rodata)
 *(.eb0rodata*)

.eb1text
 *(.eb1text)
 *(.eb1rodata)
 *(.eb1rodata*)

.eb2text
 *(.eb2text)
 *(.eb2rodata)
 *(.eb2rodata*)

.eb3text
 *(.eb3text)
 *(.eb3rodata)
 *(.eb3rodata*)
                0x20000768                __exidx_start = .
                0x20000768                __exidx_end = .

/DISCARD/
 libc.a(*)
 libm.a(*)
 libgcc.a(*)

.stab
 *(.stab)

.stabstr
 *(.stabstr)

.stab.excl
 *(.stab.excl)

.stab.exclstr
 *(.stab.exclstr)

.stab.index
 *(.stab.index)

.stab.indexstr
 *(.stab.indexstr)

.comment        0x00000000      0x3e0
 *(.comment)
 .comment       0x00000000       0x20 c:/winarm/bin/../lib/gcc/arm-eabi/4.3.0/crtbegin.o
 .comment       0x00000020       0x20 main.o
 .comment       0x00000040       0x20 stm32f10x_it.o
 .comment       0x00000060       0x20 usb_desc.o
 .comment       0x00000080       0x20 usb_endp.o
 .comment       0x000000a0       0x20 usb_istr.o
 .comment       0x000000c0       0x20 usb_prop.o
 .comment       0x000000e0       0x20 USBInit.o
 .comment       0x00000100       0x20 lib/libstm32.a(stm32f10x_flash.o)
 .comment       0x00000120       0x20 lib/libstm32.a(stm32f10x_iwdg.o)
 .comment       0x00000140       0x20 lib/libstm32.a(stm32f10x_gpio.o)
 .comment       0x00000160       0x20 lib/libstm32.a(stm32f10x_nvic.o)
 .comment       0x00000180       0x20 lib/libstm32.a(stm32f10x_rcc.o)
 .comment       0x000001a0       0x20 lib/libstm32.a(stm32f10x_tim.o)
 .comment       0x000001c0       0x20 lib/libstm32.a(stm32f10x_systick.o)
 .comment       0x000001e0       0x20 lib/libstm32.a(stm32f10x_usart.o)
 .comment       0x00000200       0x20 lib/libstm32.a(stm32f10x_vector.o)
 .comment       0x00000220       0x20 lib/libstm32.a(usb_init.o)
 .comment       0x00000240       0x20 lib/libstm32.a(usb_core.o)
 .comment       0x00000260       0x20 lib/libstm32.a(usb_mem.o)
 .comment       0x00000280       0x20 lib/libstm32.a(usb_regs.o)
 .comment       0x000002a0       0x20 lib/libstm32.a(usb_sil.o)
 .comment       0x000002c0       0x20 lib/libstm32.a(usb_int.o)
 .comment       0x000002e0       0x20 c:/winarm/bin/../lib/gcc/arm-eabi/4.3.0/../../../../arm-eabi/lib\libc.a(lib_a-atexit.o)
 .comment       0x00000300       0x20 c:/winarm/bin/../lib/gcc/arm-eabi/4.3.0/../../../../arm-eabi/lib\libc.a(lib_a-exit.o)
 .comment       0x00000320       0x20 c:/winarm/bin/../lib/gcc/arm-eabi/4.3.0/../../../../arm-eabi/lib\libc.a(lib_a-impure.o)
 .comment       0x00000340       0x20 c:/winarm/bin/../lib/gcc/arm-eabi/4.3.0/../../../../arm-eabi/lib\libc.a(lib_a-init.o)
 .comment       0x00000360       0x20 c:/winarm/bin/../lib/gcc/arm-eabi/4.3.0/../../../../arm-eabi/lib\libc.a(lib_a-memset.o)
 .comment       0x00000380       0x20 c:/winarm/bin/../lib/gcc/arm-eabi/4.3.0/../../../../arm-eabi/lib\libc.a(lib_a-__atexit.o)
 .comment       0x000003a0       0x20 c:/winarm/bin/../lib/gcc/arm-eabi/4.3.0/../../../../arm-eabi/lib\libc.a(lib_a-__call_atexit.o)
 .comment       0x000003c0       0x20 c:/winarm/bin/../lib/gcc/arm-eabi/4.3.0/crtend.o

.debug
 *(.debug)

.line
 *(.line)

.debug_srcinfo
 *(.debug_srcinfo)

.debug_sfnames
 *(.debug_sfnames)

.debug_aranges  0x00000000     0x10c8
 *(.debug_aranges)
 .debug_aranges
                0x00000000       0x28 c:/winarm/bin/../lib/gcc/arm-eabi/4.3.0/crti.o
 .debug_aranges
                0x00000028       0x20 c:/winarm/bin/../lib/gcc/arm-eabi/4.3.0/../../../../arm-eabi/lib/crt0.o
 .debug_aranges
                0x00000048       0xe8 main.o
 .debug_aranges
                0x00000130      0x240 stm32f10x_it.o
 .debug_aranges
                0x00000370       0x38 usb_endp.o
 .debug_aranges
                0x000003a8       0x20 usb_istr.o
 .debug_aranges
                0x000003c8       0x88 usb_prop.o
 .debug_aranges
                0x00000450       0x50 USBInit.o
 .debug_aranges
                0x000004a0       0xd0 lib/libstm32.a(stm32f10x_flash.o)
 .debug_aranges
                0x00000570       0x48 lib/libstm32.a(stm32f10x_iwdg.o)
 .debug_aranges
                0x000005b8       0xa0 lib/libstm32.a(stm32f10x_gpio.o)
 .debug_aranges
                0x00000658      0x108 lib/libstm32.a(stm32f10x_nvic.o)
 .debug_aranges
                0x00000760      0x118 lib/libstm32.a(stm32f10x_rcc.o)
 .debug_aranges
                0x00000878      0x2d0 lib/libstm32.a(stm32f10x_tim.o)
 .debug_aranges
                0x00000b48       0x48 lib/libstm32.a(stm32f10x_systick.o)
 .debug_aranges
                0x00000b90       0xf0 lib/libstm32.a(stm32f10x_usart.o)
 .debug_aranges
                0x00000c80       0x20 lib/libstm32.a(cortexm3_macro.o)
 .debug_aranges
                0x00000ca0       0x20 lib/libstm32.a(stm32f10x_vector.o)
 .debug_aranges
                0x00000cc0       0x20 lib/libstm32.a(usb_init.o)
 .debug_aranges
                0x00000ce0       0x98 lib/libstm32.a(usb_core.o)
 .debug_aranges
                0x00000d78       0x28 lib/libstm32.a(usb_mem.o)
 .debug_aranges
                0x00000da0      0x1f0 lib/libstm32.a(usb_regs.o)
 .debug_aranges
                0x00000f90       0x28 lib/libstm32.a(usb_sil.o)
 .debug_aranges
                0x00000fb8       0x28 lib/libstm32.a(usb_int.o)
 .debug_aranges
                0x00000fe0       0x20 c:/winarm/bin/../lib/gcc/arm-eabi/4.3.0/../../../../arm-eabi/lib\libc.a(lib_a-atexit.o)
 .debug_aranges
                0x00001000       0x20 c:/winarm/bin/../lib/gcc/arm-eabi/4.3.0/../../../../arm-eabi/lib\libc.a(lib_a-exit.o)
 .debug_aranges
                0x00001020       0x20 c:/winarm/bin/../lib/gcc/arm-eabi/4.3.0/../../../../arm-eabi/lib\libc.a(lib_a-init.o)
 .debug_aranges
                0x00001040       0x20 c:/winarm/bin/../lib/gcc/arm-eabi/4.3.0/../../../../arm-eabi/lib\libc.a(lib_a-memset.o)
 .debug_aranges
                0x00001060       0x20 c:/winarm/bin/../lib/gcc/arm-eabi/4.3.0/../../../../arm-eabi/lib\libc.a(lib_a-__atexit.o)
 .debug_aranges
                0x00001080       0x20 c:/winarm/bin/../lib/gcc/arm-eabi/4.3.0/../../../../arm-eabi/lib\libc.a(lib_a-__call_atexit.o)
 .debug_aranges
                0x000010a0       0x28 c:/winarm/bin/../lib/gcc/arm-eabi/4.3.0/crtn.o

.debug_pubnames
                0x00000000     0x2c5b
 *(.debug_pubnames)
 .debug_pubnames
                0x00000000      0x341 main.o
 .debug_pubnames
                0x00000341      0x63c stm32f10x_it.o
 .debug_pubnames
                0x0000097d       0xe7 usb_desc.o
 .debug_pubnames
                0x00000a64       0x7e usb_endp.o
 .debug_pubnames
                0x00000ae2       0x5a usb_istr.o
 .debug_pubnames
                0x00000b3c      0x2ae usb_prop.o
 .debug_pubnames
                0x00000dea       0xbf USBInit.o
 .debug_pubnames
                0x00000ea9      0x26e lib/libstm32.a(stm32f10x_flash.o)
 .debug_pubnames
                0x00001117       0x91 lib/libstm32.a(stm32f10x_iwdg.o)
 .debug_pubnames
                0x000011a8      0x17b lib/libstm32.a(stm32f10x_gpio.o)
 .debug_pubnames
                0x00001323      0x360 lib/libstm32.a(stm32f10x_nvic.o)
 .debug_pubnames
                0x00001683      0x2c4 lib/libstm32.a(stm32f10x_rcc.o)
 .debug_pubnames
                0x00001947      0x7b0 lib/libstm32.a(stm32f10x_tim.o)
 .debug_pubnames
                0x000020f7       0xa1 lib/libstm32.a(stm32f10x_systick.o)
 .debug_pubnames
                0x00002198      0x25f lib/libstm32.a(stm32f10x_usart.o)
 .debug_pubnames
                0x000023f7       0x35 lib/libstm32.a(stm32f10x_vector.o)
 .debug_pubnames
                0x0000242c       0x98 lib/libstm32.a(usb_init.o)
 .debug_pubnames
                0x000024c4      0x1a5 lib/libstm32.a(usb_core.o)
 .debug_pubnames
                0x00002669       0x42 lib/libstm32.a(usb_mem.o)
 .debug_pubnames
                0x000026ab      0x419 lib/libstm32.a(usb_regs.o)
 .debug_pubnames
                0x00002ac4       0x34 lib/libstm32.a(usb_sil.o)
 .debug_pubnames
                0x00002af8       0x46 lib/libstm32.a(usb_int.o)
 .debug_pubnames
                0x00002b3e       0x1d c:/winarm/bin/../lib/gcc/arm-eabi/4.3.0/../../../../arm-eabi/lib\libc.a(lib_a-atexit.o)
 .debug_pubnames
                0x00002b5b       0x1b c:/winarm/bin/../lib/gcc/arm-eabi/4.3.0/../../../../arm-eabi/lib\libc.a(lib_a-exit.o)
 .debug_pubnames
                0x00002b76       0x39 c:/winarm/bin/../lib/gcc/arm-eabi/4.3.0/../../../../arm-eabi/lib\libc.a(lib_a-impure.o)
 .debug_pubnames
                0x00002baf       0x3e c:/winarm/bin/../lib/gcc/arm-eabi/4.3.0/../../../../arm-eabi/lib\libc.a(lib_a-init.o)
 .debug_pubnames
                0x00002bed       0x1d c:/winarm/bin/../lib/gcc/arm-eabi/4.3.0/../../../../arm-eabi/lib\libc.a(lib_a-memset.o)
 .debug_pubnames
                0x00002c0a       0x2a c:/winarm/bin/../lib/gcc/arm-eabi/4.3.0/../../../../arm-eabi/lib\libc.a(lib_a-__atexit.o)
 .debug_pubnames
                0x00002c34       0x27 c:/winarm/bin/../lib/gcc/arm-eabi/4.3.0/../../../../arm-eabi/lib\libc.a(lib_a-__call_atexit.o)

.debug_info     0x00000000     0xc436
 *(.debug_info .gnu.linkonce.wi.*)
 .debug_info    0x00000000       0x4d c:/winarm/bin/../lib/gcc/arm-eabi/4.3.0/crti.o
 .debug_info    0x0000004d       0x84 c:/winarm/bin/../lib/gcc/arm-eabi/4.3.0/../../../../arm-eabi/lib/crt0.o
 .debug_info    0x000000d1      0xee3 main.o
 .debug_info    0x00000fb4      0x96e stm32f10x_it.o
 .debug_info    0x00001922      0x132 usb_desc.o
 .debug_info    0x00001a54      0x28f usb_endp.o
 .debug_info    0x00001ce3      0x237 usb_istr.o
 .debug_info    0x00001f1a      0x876 usb_prop.o
 .debug_info    0x00002790      0x34e USBInit.o
 .debug_info    0x00002ade      0x73e lib/libstm32.a(stm32f10x_flash.o)
 .debug_info    0x0000321c      0x19b lib/libstm32.a(stm32f10x_iwdg.o)
 .debug_info    0x000033b7      0x64c lib/libstm32.a(stm32f10x_gpio.o)
 .debug_info    0x00003a03      0x8ed lib/libstm32.a(stm32f10x_nvic.o)
 .debug_info    0x000042f0      0x8c1 lib/libstm32.a(stm32f10x_rcc.o)
 .debug_info    0x00004bb1     0x214d lib/libstm32.a(stm32f10x_tim.o)
 .debug_info    0x00006cfe      0x1f3 lib/libstm32.a(stm32f10x_systick.o)
 .debug_info    0x00006ef1      0x954 lib/libstm32.a(stm32f10x_usart.o)
 .debug_info    0x00007845       0x7d lib/libstm32.a(cortexm3_macro.o)
 .debug_info    0x000078c2       0xe7 lib/libstm32.a(stm32f10x_vector.o)
 .debug_info    0x000079a9      0x459 lib/libstm32.a(usb_init.o)
 .debug_info    0x00007e02      0xc49 lib/libstm32.a(usb_core.o)
 .debug_info    0x00008a4b      0x169 lib/libstm32.a(usb_mem.o)
 .debug_info    0x00008bb4      0xcef lib/libstm32.a(usb_regs.o)
 .debug_info    0x000098a3       0xe8 lib/libstm32.a(usb_sil.o)
 .debug_info    0x0000998b      0x175 lib/libstm32.a(usb_int.o)
 .debug_info    0x00009b00       0xc5 c:/winarm/bin/../lib/gcc/arm-eabi/4.3.0/../../../../arm-eabi/lib\libc.a(lib_a-atexit.o)
 .debug_info    0x00009bc5      0x93a c:/winarm/bin/../lib/gcc/arm-eabi/4.3.0/../../../../arm-eabi/lib\libc.a(lib_a-exit.o)
 .debug_info    0x0000a4ff      0x93a c:/winarm/bin/../lib/gcc/arm-eabi/4.3.0/../../../../arm-eabi/lib\libc.a(lib_a-impure.o)
 .debug_info    0x0000ae39      0x146 c:/winarm/bin/../lib/gcc/arm-eabi/4.3.0/../../../../arm-eabi/lib\libc.a(lib_a-init.o)
 .debug_info    0x0000af7f      0x113 c:/winarm/bin/../lib/gcc/arm-eabi/4.3.0/../../../../arm-eabi/lib\libc.a(lib_a-memset.o)
 .debug_info    0x0000b092      0x9a5 c:/winarm/bin/../lib/gcc/arm-eabi/4.3.0/../../../../arm-eabi/lib\libc.a(lib_a-__atexit.o)
 .debug_info    0x0000ba37      0x9b2 c:/winarm/bin/../lib/gcc/arm-eabi/4.3.0/../../../../arm-eabi/lib\libc.a(lib_a-__call_atexit.o)
 .debug_info    0x0000c3e9       0x4d c:/winarm/bin/../lib/gcc/arm-eabi/4.3.0/crtn.o

.debug_abbrev   0x00000000     0x2c1c
 *(.debug_abbrev)
 .debug_abbrev  0x00000000       0x12 c:/winarm/bin/../lib/gcc/arm-eabi/4.3.0/crti.o
 .debug_abbrev  0x00000012       0x14 c:/winarm/bin/../lib/gcc/arm-eabi/4.3.0/../../../../arm-eabi/lib/crt0.o
 .debug_abbrev  0x00000026      0x33a main.o
 .debug_abbrev  0x00000360      0x102 stm32f10x_it.o
 .debug_abbrev  0x00000462       0x5f usb_desc.o
 .debug_abbrev  0x000004c1      0x142 usb_endp.o
 .debug_abbrev  0x00000603       0xf3 usb_istr.o
 .debug_abbrev  0x000006f6      0x1f3 usb_prop.o
 .debug_abbrev  0x000008e9      0x1f1 USBInit.o
 .debug_abbrev  0x00000ada      0x21e lib/libstm32.a(stm32f10x_flash.o)
 .debug_abbrev  0x00000cf8       0xf4 lib/libstm32.a(stm32f10x_iwdg.o)
 .debug_abbrev  0x00000dec      0x227 lib/libstm32.a(stm32f10x_gpio.o)
 .debug_abbrev  0x00001013      0x270 lib/libstm32.a(stm32f10x_nvic.o)
 .debug_abbrev  0x00001283      0x29d lib/libstm32.a(stm32f10x_rcc.o)
 .debug_abbrev  0x00001520      0x27f lib/libstm32.a(stm32f10x_tim.o)
 .debug_abbrev  0x0000179f      0x128 lib/libstm32.a(stm32f10x_systick.o)
 .debug_abbrev  0x000018c7      0x1e3 lib/libstm32.a(stm32f10x_usart.o)
 .debug_abbrev  0x00001aaa       0x14 lib/libstm32.a(cortexm3_macro.o)
 .debug_abbrev  0x00001abe       0xb7 lib/libstm32.a(stm32f10x_vector.o)
 .debug_abbrev  0x00001b75      0x112 lib/libstm32.a(usb_init.o)
 .debug_abbrev  0x00001c87      0x33a lib/libstm32.a(usb_core.o)
 .debug_abbrev  0x00001fc1       0x9e lib/libstm32.a(usb_mem.o)
 .debug_abbrev  0x0000205f      0x207 lib/libstm32.a(usb_regs.o)
 .debug_abbrev  0x00002266       0x9d lib/libstm32.a(usb_sil.o)
 .debug_abbrev  0x00002303       0xcd lib/libstm32.a(usb_int.o)
 .debug_abbrev  0x000023d0       0x81 c:/winarm/bin/../lib/gcc/arm-eabi/4.3.0/../../../../arm-eabi/lib\libc.a(lib_a-atexit.o)
 .debug_abbrev  0x00002451      0x177 c:/winarm/bin/../lib/gcc/arm-eabi/4.3.0/../../../../arm-eabi/lib\libc.a(lib_a-exit.o)
 .debug_abbrev  0x000025c8      0x160 c:/winarm/bin/../lib/gcc/arm-eabi/4.3.0/../../../../arm-eabi/lib\libc.a(lib_a-impure.o)
 .debug_abbrev  0x00002728       0xa4 c:/winarm/bin/../lib/gcc/arm-eabi/4.3.0/../../../../arm-eabi/lib\libc.a(lib_a-init.o)
 .debug_abbrev  0x000027cc       0xb2 c:/winarm/bin/../lib/gcc/arm-eabi/4.3.0/../../../../arm-eabi/lib\libc.a(lib_a-memset.o)
 .debug_abbrev  0x0000287e      0x1bc c:/winarm/bin/../lib/gcc/arm-eabi/4.3.0/../../../../arm-eabi/lib\libc.a(lib_a-__atexit.o)
 .debug_abbrev  0x00002a3a      0x1d0 c:/winarm/bin/../lib/gcc/arm-eabi/4.3.0/../../../../arm-eabi/lib\libc.a(lib_a-__call_atexit.o)
 .debug_abbrev  0x00002c0a       0x12 c:/winarm/bin/../lib/gcc/arm-eabi/4.3.0/crtn.o

.debug_line     0x00000000     0x3bcf
 *(.debug_line)
 .debug_line    0x00000000       0x49 c:/winarm/bin/../lib/gcc/arm-eabi/4.3.0/crti.o
 .debug_line    0x00000049       0x9a c:/winarm/bin/../lib/gcc/arm-eabi/4.3.0/../../../../arm-eabi/lib/crt0.o
 .debug_line    0x000000e3      0x455 main.o
 .debug_line    0x00000538      0x500 stm32f10x_it.o
 .debug_line    0x00000a38       0x47 usb_desc.o
 .debug_line    0x00000a7f      0x106 usb_endp.o
 .debug_line    0x00000b85       0x8c usb_istr.o
 .debug_line    0x00000c11      0x1f4 usb_prop.o
 .debug_line    0x00000e05      0x14b USBInit.o
 .debug_line    0x00000f50      0x324 lib/libstm32.a(stm32f10x_flash.o)
 .debug_line    0x00001274       0xd5 lib/libstm32.a(stm32f10x_iwdg.o)
 .debug_line    0x00001349      0x232 lib/libstm32.a(stm32f10x_gpio.o)
 .debug_line    0x0000157b      0x30e lib/libstm32.a(stm32f10x_nvic.o)
 .debug_line    0x00001889      0x337 lib/libstm32.a(stm32f10x_rcc.o)
 .debug_line    0x00001bc0      0xa38 lib/libstm32.a(stm32f10x_tim.o)
 .debug_line    0x000025f8       0xea lib/libstm32.a(stm32f10x_systick.o)
 .debug_line    0x000026e2      0x33a lib/libstm32.a(stm32f10x_usart.o)
 .debug_line    0x00002a1c       0x9a lib/libstm32.a(cortexm3_macro.o)
 .debug_line    0x00002ab6       0x54 lib/libstm32.a(stm32f10x_vector.o)
 .debug_line    0x00002b0a       0x94 lib/libstm32.a(usb_init.o)
 .debug_line    0x00002b9e      0x2ff lib/libstm32.a(usb_core.o)
 .debug_line    0x00002e9d       0x8b lib/libstm32.a(usb_mem.o)
 .debug_line    0x00002f28      0x4c5 lib/libstm32.a(usb_regs.o)
 .debug_line    0x000033ed       0xaa lib/libstm32.a(usb_sil.o)
 .debug_line    0x00003497       0xe9 lib/libstm32.a(usb_int.o)
 .debug_line    0x00003580       0x74 c:/winarm/bin/../lib/gcc/arm-eabi/4.3.0/../../../../arm-eabi/lib\libc.a(lib_a-atexit.o)
 .debug_line    0x000035f4       0xef c:/winarm/bin/../lib/gcc/arm-eabi/4.3.0/../../../../arm-eabi/lib\libc.a(lib_a-exit.o)
 .debug_line    0x000036e3       0xdb c:/winarm/bin/../lib/gcc/arm-eabi/4.3.0/../../../../arm-eabi/lib\libc.a(lib_a-impure.o)
 .debug_line    0x000037be       0xa6 c:/winarm/bin/../lib/gcc/arm-eabi/4.3.0/../../../../arm-eabi/lib\libc.a(lib_a-init.o)
 .debug_line    0x00003864       0xdc c:/winarm/bin/../lib/gcc/arm-eabi/4.3.0/../../../../arm-eabi/lib\libc.a(lib_a-memset.o)
 .debug_line    0x00003940      0x127 c:/winarm/bin/../lib/gcc/arm-eabi/4.3.0/../../../../arm-eabi/lib\libc.a(lib_a-__atexit.o)
 .debug_line    0x00003a67      0x11f c:/winarm/bin/../lib/gcc/arm-eabi/4.3.0/../../../../arm-eabi/lib\libc.a(lib_a-__call_atexit.o)
 .debug_line    0x00003b86       0x49 c:/winarm/bin/../lib/gcc/arm-eabi/4.3.0/crtn.o

.debug_frame    0x00000000     0x2180
 *(.debug_frame)
 .debug_frame   0x00000000      0x290 main.o
 .debug_frame   0x00000290      0x480 stm32f10x_it.o
 .debug_frame   0x00000710       0x68 usb_endp.o
 .debug_frame   0x00000778       0x28 usb_istr.o
 .debug_frame   0x000007a0      0x120 usb_prop.o
 .debug_frame   0x000008c0       0xc0 USBInit.o
 .debug_frame   0x00000980      0x1f0 lib/libstm32.a(stm32f10x_flash.o)
 .debug_frame   0x00000b70       0x70 lib/libstm32.a(stm32f10x_iwdg.o)
 .debug_frame   0x00000be0      0x154 lib/libstm32.a(stm32f10x_gpio.o)
 .debug_frame   0x00000d34      0x23c lib/libstm32.a(stm32f10x_nvic.o)
 .debug_frame   0x00000f70      0x214 lib/libstm32.a(stm32f10x_rcc.o)
 .debug_frame   0x00001184      0x608 lib/libstm32.a(stm32f10x_tim.o)
 .debug_frame   0x0000178c       0x70 lib/libstm32.a(stm32f10x_systick.o)
 .debug_frame   0x000017fc      0x1dc lib/libstm32.a(stm32f10x_usart.o)
 .debug_frame   0x000019d8       0x2c lib/libstm32.a(stm32f10x_vector.o)
 .debug_frame   0x00001a04       0x28 lib/libstm32.a(usb_init.o)
 .debug_frame   0x00001a2c      0x198 lib/libstm32.a(usb_core.o)
 .debug_frame   0x00001bc4       0x40 lib/libstm32.a(usb_mem.o)
 .debug_frame   0x00001c04      0x3d0 lib/libstm32.a(usb_regs.o)
 .debug_frame   0x00001fd4       0x3c lib/libstm32.a(usb_sil.o)
 .debug_frame   0x00002010       0x50 lib/libstm32.a(usb_int.o)
 .debug_frame   0x00002060       0x28 c:/winarm/bin/../lib/gcc/arm-eabi/4.3.0/../../../../arm-eabi/lib\libc.a(lib_a-atexit.o)
 .debug_frame   0x00002088       0x20 c:/winarm/bin/../lib/gcc/arm-eabi/4.3.0/../../../../arm-eabi/lib\libc.a(lib_a-exit.o)
 .debug_frame   0x000020a8       0x48 c:/winarm/bin/../lib/gcc/arm-eabi/4.3.0/../../../../arm-eabi/lib\libc.a(lib_a-init.o)
 .debug_frame   0x000020f0       0x28 c:/winarm/bin/../lib/gcc/arm-eabi/4.3.0/../../../../arm-eabi/lib\libc.a(lib_a-memset.o)
 .debug_frame   0x00002118       0x30 c:/winarm/bin/../lib/gcc/arm-eabi/4.3.0/../../../../arm-eabi/lib\libc.a(lib_a-__atexit.o)
 .debug_frame   0x00002148       0x38 c:/winarm/bin/../lib/gcc/arm-eabi/4.3.0/../../../../arm-eabi/lib\libc.a(lib_a-__call_atexit.o)

.debug_str      0x00000000     0x42ee
 *(.debug_str)
 .debug_str     0x00000000      0x87b main.o
                                0x8ff (size before relaxing)
 .debug_str     0x0000087b      0x525 stm32f10x_it.o
                                0x6f9 (size before relaxing)
 .debug_str     0x00000da0       0xc8 usb_desc.o
                                0x161 (size before relaxing)
 .debug_str     0x00000e68       0x6b usb_endp.o
                                0x271 (size before relaxing)
 .debug_str     0x00000ed3      0x107 usb_istr.o
                                0x208 (size before relaxing)
 .debug_str     0x00000fda      0x4f0 usb_prop.o
                                0x85c (size before relaxing)
 .debug_str     0x000014ca       0xda USBInit.o
                                0x216 (size before relaxing)
 .debug_str     0x000015a4      0x32e lib/libstm32.a(stm32f10x_flash.o)
                                0x46d (size before relaxing)
 .debug_str     0x000018d2       0xaa lib/libstm32.a(stm32f10x_iwdg.o)
                                0x165 (size before relaxing)
 .debug_str     0x0000197c      0x201 lib/libstm32.a(stm32f10x_gpio.o)
                                0x3dc (size before relaxing)
 .debug_str     0x00001b7d      0x448 lib/libstm32.a(stm32f10x_nvic.o)
                                0x5e2 (size before relaxing)
 .debug_str     0x00001fc5      0x403 lib/libstm32.a(stm32f10x_rcc.o)
                                0x524 (size before relaxing)
 .debug_str     0x000023c8      0xa42 lib/libstm32.a(stm32f10x_tim.o)
                                0xcee (size before relaxing)
 .debug_str     0x00002e0a       0xd2 lib/libstm32.a(stm32f10x_systick.o)
                                0x1bf (size before relaxing)
 .debug_str     0x00002edc      0x361 lib/libstm32.a(stm32f10x_usart.o)
                                0x579 (size before relaxing)
 .debug_str     0x0000323d       0x6f lib/libstm32.a(stm32f10x_vector.o)
                                 0xc8 (size before relaxing)
 .debug_str     0x000032ac       0x58 lib/libstm32.a(usb_init.o)
                                0x455 (size before relaxing)
 .debug_str     0x00003304      0x3f5 lib/libstm32.a(usb_core.o)
                                0x96d (size before relaxing)
 .debug_str     0x000036f9       0x72 lib/libstm32.a(usb_mem.o)
                                0x10b (size before relaxing)
 .debug_str     0x0000376b      0x3d7 lib/libstm32.a(usb_regs.o)
                                0x493 (size before relaxing)
 .debug_str     0x00003b42       0x56 lib/libstm32.a(usb_sil.o)
                                 0xff (size before relaxing)
 .debug_str     0x00003b98       0x2f lib/libstm32.a(usb_int.o)
                                0x10a (size before relaxing)
 .debug_str     0x00003bc7       0xc1 c:/winarm/bin/../lib/gcc/arm-eabi/4.3.0/../../../../arm-eabi/lib\libc.a(lib_a-atexit.o)
                                0x138 (size before relaxing)
 .debug_str     0x00003c88      0x3c7 c:/winarm/bin/../lib/gcc/arm-eabi/4.3.0/../../../../arm-eabi/lib\libc.a(lib_a-exit.o)
                                0x4b1 (size before relaxing)
 .debug_str     0x0000404f       0x76 c:/winarm/bin/../lib/gcc/arm-eabi/4.3.0/../../../../arm-eabi/lib\libc.a(lib_a-impure.o)
                                0x4bf (size before relaxing)
 .debug_str     0x000040c5      0x103 c:/winarm/bin/../lib/gcc/arm-eabi/4.3.0/../../../../arm-eabi/lib\libc.a(lib_a-init.o)
                                0x19e (size before relaxing)
 .debug_str     0x000041c8       0x80 c:/winarm/bin/../lib/gcc/arm-eabi/4.3.0/../../../../arm-eabi/lib\libc.a(lib_a-memset.o)
                                0x123 (size before relaxing)
 .debug_str     0x00004248       0x4b c:/winarm/bin/../lib/gcc/arm-eabi/4.3.0/../../../../arm-eabi/lib\libc.a(lib_a-__atexit.o)
                                0x4f9 (size before relaxing)
 .debug_str     0x00004293       0x5b c:/winarm/bin/../lib/gcc/arm-eabi/4.3.0/../../../../arm-eabi/lib\libc.a(lib_a-__call_atexit.o)
                                0x4d9 (size before relaxing)

.debug_loc      0x00000000     0x3f2b
 *(.debug_loc)
 .debug_loc     0x00000000      0x6d1 main.o
 .debug_loc     0x000006d1       0x81 stm32f10x_it.o
 .debug_loc     0x00000752      0x100 usb_endp.o
 .debug_loc     0x00000852       0x2b usb_istr.o
 .debug_loc     0x0000087d      0x217 usb_prop.o
 .debug_loc     0x00000a94      0x199 USBInit.o
 .debug_loc     0x00000c2d      0x5ec lib/libstm32.a(stm32f10x_flash.o)
 .debug_loc     0x00001219       0x13 lib/libstm32.a(stm32f10x_iwdg.o)
 .debug_loc     0x0000122c      0x25c lib/libstm32.a(stm32f10x_gpio.o)
 .debug_loc     0x00001488      0x406 lib/libstm32.a(stm32f10x_nvic.o)
 .debug_loc     0x0000188e      0x24d lib/libstm32.a(stm32f10x_rcc.o)
 .debug_loc     0x00001adb      0xe88 lib/libstm32.a(stm32f10x_tim.o)
 .debug_loc     0x00002963       0x3c lib/libstm32.a(stm32f10x_systick.o)
 .debug_loc     0x0000299f      0x27f lib/libstm32.a(stm32f10x_usart.o)
 .debug_loc     0x00002c1e       0x32 lib/libstm32.a(stm32f10x_vector.o)
 .debug_loc     0x00002c50       0x2b lib/libstm32.a(usb_init.o)
 .debug_loc     0x00002c7b      0x738 lib/libstm32.a(usb_core.o)
 .debug_loc     0x000033b3       0xa8 lib/libstm32.a(usb_mem.o)
 .debug_loc     0x0000345b      0x609 lib/libstm32.a(usb_regs.o)
 .debug_loc     0x00003a64       0x50 lib/libstm32.a(usb_sil.o)
 .debug_loc     0x00003ab4      0x14f lib/libstm32.a(usb_int.o)
 .debug_loc     0x00003c03       0x49 c:/winarm/bin/../lib/gcc/arm-eabi/4.3.0/../../../../arm-eabi/lib\libc.a(lib_a-atexit.o)
 .debug_loc     0x00003c4c       0x1e c:/winarm/bin/../lib/gcc/arm-eabi/4.3.0/../../../../arm-eabi/lib\libc.a(lib_a-exit.o)
 .debug_loc     0x00003c6a       0x3e c:/winarm/bin/../lib/gcc/arm-eabi/4.3.0/../../../../arm-eabi/lib\libc.a(lib_a-init.o)
 .debug_loc     0x00003ca8      0x12b c:/winarm/bin/../lib/gcc/arm-eabi/4.3.0/../../../../arm-eabi/lib\libc.a(lib_a-memset.o)
 .debug_loc     0x00003dd3       0x97 c:/winarm/bin/../lib/gcc/arm-eabi/4.3.0/../../../../arm-eabi/lib\libc.a(lib_a-__atexit.o)
 .debug_loc     0x00003e6a       0xc1 c:/winarm/bin/../lib/gcc/arm-eabi/4.3.0/../../../../arm-eabi/lib\libc.a(lib_a-__call_atexit.o)

.debug_macinfo
 *(.debug_macinfo)

.debug_weaknames
 *(.debug_weaknames)

.debug_funcnames
 *(.debug_funcnames)

.debug_typenames
 *(.debug_typenames)

.debug_varnames
 *(.debug_varnames)
OUTPUT(main.elf elf32-littlearm)

.ARM.attributes
                0x00000000       0x31
 .ARM.attributes
                0x00000000       0x14 c:/winarm/bin/../lib/gcc/arm-eabi/4.3.0/crti.o
 .ARM.attributes
                0x00000014       0x2e c:/winarm/bin/../lib/gcc/arm-eabi/4.3.0/crtbegin.o
 .ARM.attributes
                0x00000042       0x14 c:/winarm/bin/../lib/gcc/arm-eabi/4.3.0/../../../../arm-eabi/lib/crt0.o
 .ARM.attributes
                0x00000056       0x31 main.o
 .ARM.attributes
                0x00000087       0x31 stm32f10x_it.o
 .ARM.attributes
                0x000000b8       0x2f usb_desc.o
 .ARM.attributes
                0x000000e7       0x31 usb_endp.o
 .ARM.attributes
                0x00000118       0x31 usb_istr.o
 .ARM.attributes
                0x00000149       0x31 usb_prop.o
 .ARM.attributes
                0x0000017a       0x31 USBInit.o
 .ARM.attributes
                0x000001ab       0x31 lib/libstm32.a(stm32f10x_flash.o)
 .ARM.attributes
                0x000001dc       0x31 lib/libstm32.a(stm32f10x_iwdg.o)
 .ARM.attributes
                0x0000020d       0x31 lib/libstm32.a(stm32f10x_gpio.o)
 .ARM.attributes
                0x0000023e       0x31 lib/libstm32.a(stm32f10x_nvic.o)
 .ARM.attributes
                0x0000026f       0x31 lib/libstm32.a(stm32f10x_rcc.o)
 .ARM.attributes
                0x000002a0       0x31 lib/libstm32.a(stm32f10x_tim.o)
 .ARM.attributes
                0x000002d1       0x31 lib/libstm32.a(stm32f10x_systick.o)
 .ARM.attributes
                0x00000302       0x31 lib/libstm32.a(stm32f10x_usart.o)
 .ARM.attributes
                0x00000333       0x21 lib/libstm32.a(cortexm3_macro.o)
 .ARM.attributes
                0x00000354       0x31 lib/libstm32.a(stm32f10x_vector.o)
 .ARM.attributes
                0x00000385       0x31 lib/libstm32.a(usb_init.o)
 .ARM.attributes
                0x000003b6       0x31 lib/libstm32.a(usb_core.o)
 .ARM.attributes
                0x000003e7       0x31 lib/libstm32.a(usb_mem.o)
 .ARM.attributes
                0x00000418       0x31 lib/libstm32.a(usb_regs.o)
 .ARM.attributes
                0x00000449       0x31 lib/libstm32.a(usb_sil.o)
 .ARM.attributes
                0x0000047a       0x31 lib/libstm32.a(usb_int.o)
 .ARM.attributes
                0x000004ab       0x2e c:/winarm/bin/../lib/gcc/arm-eabi/4.3.0/../../../../arm-eabi/lib\libc.a(lib_a-atexit.o)
 .ARM.attributes
                0x000004d9       0x2e c:/winarm/bin/../lib/gcc/arm-eabi/4.3.0/../../../../arm-eabi/lib\libc.a(lib_a-exit.o)
 .ARM.attributes
                0x00000507       0x2c c:/winarm/bin/../lib/gcc/arm-eabi/4.3.0/../../../../arm-eabi/lib\libc.a(lib_a-impure.o)
 .ARM.attributes
                0x00000533       0x2e c:/winarm/bin/../lib/gcc/arm-eabi/4.3.0/../../../../arm-eabi/lib\libc.a(lib_a-init.o)
 .ARM.attributes
                0x00000561       0x2e c:/winarm/bin/../lib/gcc/arm-eabi/4.3.0/../../../../arm-eabi/lib\libc.a(lib_a-memset.o)
 .ARM.attributes
                0x0000058f       0x2e c:/winarm/bin/../lib/gcc/arm-eabi/4.3.0/../../../../arm-eabi/lib\libc.a(lib_a-__atexit.o)
 .ARM.attributes
                0x000005bd       0x2e c:/winarm/bin/../lib/gcc/arm-eabi/4.3.0/../../../../arm-eabi/lib\libc.a(lib_a-__call_atexit.o)
 .ARM.attributes
                0x000005eb       0x2c c:/winarm/bin/../lib/gcc/arm-eabi/4.3.0/crtend.o
 .ARM.attributes
                0x00000617       0x14 c:/winarm/bin/../lib/gcc/arm-eabi/4.3.0/crtn.o

.debug_ranges   0x00000000     0x1330
 .debug_ranges  0x00000000       0x20 c:/winarm/bin/../lib/gcc/arm-eabi/4.3.0/crti.o
 .debug_ranges  0x00000020      0x170 main.o
 .debug_ranges  0x00000190      0x238 stm32f10x_it.o
 .debug_ranges  0x000003c8       0x30 usb_endp.o
 .debug_ranges  0x000003f8       0x18 usb_istr.o
 .debug_ranges  0x00000410       0x80 usb_prop.o
 .debug_ranges  0x00000490       0x78 USBInit.o
 .debug_ranges  0x00000508      0x170 lib/libstm32.a(stm32f10x_flash.o)
 .debug_ranges  0x00000678       0x40 lib/libstm32.a(stm32f10x_iwdg.o)
 .debug_ranges  0x000006b8       0x98 lib/libstm32.a(stm32f10x_gpio.o)
 .debug_ranges  0x00000750      0x100 lib/libstm32.a(stm32f10x_nvic.o)
 .debug_ranges  0x00000850      0x140 lib/libstm32.a(stm32f10x_rcc.o)
 .debug_ranges  0x00000990      0x3d8 lib/libstm32.a(stm32f10x_tim.o)
 .debug_ranges  0x00000d68       0x40 lib/libstm32.a(stm32f10x_systick.o)
 .debug_ranges  0x00000da8       0xe8 lib/libstm32.a(stm32f10x_usart.o)
 .debug_ranges  0x00000e90       0x18 lib/libstm32.a(stm32f10x_vector.o)
 .debug_ranges  0x00000ea8       0x18 lib/libstm32.a(usb_init.o)
 .debug_ranges  0x00000ec0      0x1a0 lib/libstm32.a(usb_core.o)
 .debug_ranges  0x00001060       0x20 lib/libstm32.a(usb_mem.o)
 .debug_ranges  0x00001080      0x230 lib/libstm32.a(usb_regs.o)
 .debug_ranges  0x000012b0       0x20 lib/libstm32.a(usb_sil.o)
 .debug_ranges  0x000012d0       0x20 lib/libstm32.a(usb_int.o)
 .debug_ranges  0x000012f0       0x20 c:/winarm/bin/../lib/gcc/arm-eabi/4.3.0/../../../../arm-eabi/lib\libc.a(lib_a-__call_atexit.o)
 .debug_ranges  0x00001310       0x20 c:/winarm/bin/../lib/gcc/arm-eabi/4.3.0/crtn.o

Cross Reference Table

Symbol                                            File
ADC1_2_IRQHandler                                 stm32f10x_it.o
                                                  lib/libstm32.a(stm32f10x_vector.o)
ADC3_IRQHandler                                   stm32f10x_it.o
                                                  lib/libstm32.a(stm32f10x_vector.o)
BusFaultException                                 stm32f10x_it.o
                                                  lib/libstm32.a(stm32f10x_vector.o)
ByteSwap                                          lib/libstm32.a(usb_regs.o)
                                                  lib/libstm32.a(usb_core.o)
CAN_RX1_IRQHandler                                stm32f10x_it.o
                                                  lib/libstm32.a(stm32f10x_vector.o)
CAN_SCE_IRQHandler                                stm32f10x_it.o
                                                  lib/libstm32.a(stm32f10x_vector.o)
CTR_HP                                            lib/libstm32.a(usb_int.o)
CTR_LP                                            lib/libstm32.a(usb_int.o)
                                                  usb_istr.o
CheckTimeOut                                      main.o
ClearDTOG_RX                                      lib/libstm32.a(usb_regs.o)
                                                  lib/libstm32.a(usb_core.o)
ClearDTOG_TX                                      lib/libstm32.a(usb_regs.o)
                                                  lib/libstm32.a(usb_core.o)
ClearEPDoubleBuff                                 lib/libstm32.a(usb_regs.o)
ClearEP_CTR_RX                                    lib/libstm32.a(usb_regs.o)
ClearEP_CTR_TX                                    lib/libstm32.a(usb_regs.o)
ClearEP_KIND                                      lib/libstm32.a(usb_regs.o)
ClearTimeOutBuffer                                main.o
                                                  usb_endp.o
Clear_Status_Out                                  lib/libstm32.a(usb_regs.o)
                                                  usb_prop.o
Config_Descriptor                                 usb_prop.o
DMA1_Channel1_IRQHandler                          stm32f10x_it.o
DMA1_Channel2_IRQHandler                          stm32f10x_it.o
DMA1_Channel3_IRQHandler                          stm32f10x_it.o
DMA1_Channel4_IRQHandler                          stm32f10x_it.o
DMA1_Channel5_IRQHandler                          stm32f10x_it.o
DMA1_Channel6_IRQHandler                          stm32f10x_it.o
DMA1_Channel7_IRQHandler                          stm32f10x_it.o
DMA2_Channel1_IRQHandler                          stm32f10x_it.o
                                                  lib/libstm32.a(stm32f10x_vector.o)
DMA2_Channel2_IRQHandler                          stm32f10x_it.o
                                                  lib/libstm32.a(stm32f10x_vector.o)
DMA2_Channel3_IRQHandler                          stm32f10x_it.o
                                                  lib/libstm32.a(stm32f10x_vector.o)
DMA2_Channel4_5_IRQHandler                        stm32f10x_it.o
                                                  lib/libstm32.a(stm32f10x_vector.o)
Data_Mul_MaxPacketSize                            lib/libstm32.a(usb_core.o)
DebugMonitor                                      stm32f10x_it.o
                                                  lib/libstm32.a(stm32f10x_vector.o)
Delay                                             main.o
                                                  USBInit.o
Device_Descriptor                                 usb_prop.o
Device_Info                                       lib/libstm32.a(usb_init.o)
                                                  usb_prop.o
Device_Property                                   usb_prop.o
                                                  lib/libstm32.a(usb_core.o)
                                                  lib/libstm32.a(usb_init.o)
                                                  usb_istr.o
Device_Table                                      usb_prop.o
                                                  lib/libstm32.a(usb_core.o)
EP1_IN_Callback                                   usb_endp.o
                                                  usb_istr.o
EP3_OUT_Callback                                  usb_endp.o
                                                  usb_istr.o
EPindex                                           lib/libstm32.a(usb_int.o)
                                                  lib/libstm32.a(usb_init.o)
EXTI0_IRQHandler                                  stm32f10x_it.o
                                                  lib/libstm32.a(stm32f10x_vector.o)
EXTI15_10_IRQHandler                              stm32f10x_it.o
                                                  lib/libstm32.a(stm32f10x_vector.o)
EXTI1_IRQHandler                                  stm32f10x_it.o
                                                  lib/libstm32.a(stm32f10x_vector.o)
EXTI2_IRQHandler                                  stm32f10x_it.o
                                                  lib/libstm32.a(stm32f10x_vector.o)
EXTI3_IRQHandler                                  stm32f10x_it.o
                                                  lib/libstm32.a(stm32f10x_vector.o)
EXTI4_IRQHandler                                  stm32f10x_it.o
                                                  lib/libstm32.a(stm32f10x_vector.o)
EXTI9_5_IRQHandler                                stm32f10x_it.o
                                                  lib/libstm32.a(stm32f10x_vector.o)
FLASH_ClearFlag                                   lib/libstm32.a(stm32f10x_flash.o)
                                                  main.o
FLASH_EnableWriteProtection                       lib/libstm32.a(stm32f10x_flash.o)
FLASH_EraseAllPages                               lib/libstm32.a(stm32f10x_flash.o)
FLASH_EraseOptionBytes                            lib/libstm32.a(stm32f10x_flash.o)
FLASH_ErasePage                                   lib/libstm32.a(stm32f10x_flash.o)
                                                  main.o
FLASH_GetFlagStatus                               lib/libstm32.a(stm32f10x_flash.o)
FLASH_GetPrefetchBufferStatus                     lib/libstm32.a(stm32f10x_flash.o)
FLASH_GetReadOutProtectionStatus                  lib/libstm32.a(stm32f10x_flash.o)
FLASH_GetStatus                                   lib/libstm32.a(stm32f10x_flash.o)
FLASH_GetUserOptionByte                           lib/libstm32.a(stm32f10x_flash.o)
FLASH_GetWriteProtectionOptionByte                lib/libstm32.a(stm32f10x_flash.o)
FLASH_HalfCycleAccessCmd                          lib/libstm32.a(stm32f10x_flash.o)
FLASH_IRQHandler                                  stm32f10x_it.o
                                                  lib/libstm32.a(stm32f10x_vector.o)
FLASH_ITConfig                                    lib/libstm32.a(stm32f10x_flash.o)
FLASH_Lock                                        lib/libstm32.a(stm32f10x_flash.o)
                                                  main.o
FLASH_PrefetchBufferCmd                           lib/libstm32.a(stm32f10x_flash.o)
                                                  main.o
FLASH_ProgramHalfWord                             lib/libstm32.a(stm32f10x_flash.o)
FLASH_ProgramOptionByteData                       lib/libstm32.a(stm32f10x_flash.o)
FLASH_ProgramWord                                 lib/libstm32.a(stm32f10x_flash.o)
                                                  usb_endp.o
FLASH_ReadOutProtection                           lib/libstm32.a(stm32f10x_flash.o)
FLASH_SetLatency                                  lib/libstm32.a(stm32f10x_flash.o)
                                                  main.o
FLASH_Unlock                                      lib/libstm32.a(stm32f10x_flash.o)
                                                  main.o
FLASH_UserOptionByteConfig                        lib/libstm32.a(stm32f10x_flash.o)
FLASH_WaitForLastOperation                        lib/libstm32.a(stm32f10x_flash.o)
FSMC_IRQHandler                                   stm32f10x_it.o
                                                  lib/libstm32.a(stm32f10x_vector.o)
FreeUserBuffer                                    lib/libstm32.a(usb_regs.o)
GPIO_AFIODeInit                                   lib/libstm32.a(stm32f10x_gpio.o)
GPIO_Configuration                                main.o
GPIO_DeInit                                       lib/libstm32.a(stm32f10x_gpio.o)
GPIO_EXTILineConfig                               lib/libstm32.a(stm32f10x_gpio.o)
GPIO_EventOutputCmd                               lib/libstm32.a(stm32f10x_gpio.o)
GPIO_EventOutputConfig                            lib/libstm32.a(stm32f10x_gpio.o)
GPIO_Init                                         lib/libstm32.a(stm32f10x_gpio.o)
                                                  main.o
GPIO_PinLockConfig                                lib/libstm32.a(stm32f10x_gpio.o)
GPIO_PinRemapConfig                               lib/libstm32.a(stm32f10x_gpio.o)